[    0.000000] Initializing cgroup subsys cpuset
[    0.000000] Initializing cgroup subsys cpu
[    0.000000] Initializing cgroup subsys cpuacct
[    0.000000] Linux version 4.4.0-154-generic (buildd@lgw01-amd64-049) (gcc version 5.4.0 20160609 (Ubuntu 5.4.0-6ubuntu1~16.04.10) ) #181-Ubuntu SMP Tue Jun 25 05:29:03 UTC 2019 (Ubuntu 4.4.0-154.181-generic 4.4.179)
[    0.000000] Command line: BOOT_IMAGE=/boot/vmlinuz-4.4.0-154-generic root=LABEL=cloudimg-rootfs ro console=tty1 console=ttyS0
[    0.000000] KERNEL supported cpus:
[    0.000000]   Intel GenuineIntel
[    0.000000]   AMD AuthenticAMD
[    0.000000]   Centaur CentaurHauls
[    0.000000] x86/fpu: Legacy x87 FPU detected.
[    0.000000] e820: BIOS-provided physical RAM map:
[    0.000000] BIOS-e820: [mem 0x0000000000000000-0x000000000009fbff] usable
[    0.000000] BIOS-e820: [mem 0x000000000009fc00-0x000000000009ffff] reserved
[    0.000000] BIOS-e820: [mem 0x00000000000f0000-0x00000000000fffff] reserved
[    0.000000] BIOS-e820: [mem 0x0000000000100000-0x000000002cfeffff] usable
[    0.000000] BIOS-e820: [mem 0x000000002cff0000-0x000000002cffffff] ACPI data
[    0.000000] BIOS-e820: [mem 0x00000000fec00000-0x00000000fec00fff] reserved
[    0.000000] BIOS-e820: [mem 0x00000000fee00000-0x00000000fee00fff] reserved
[    0.000000] BIOS-e820: [mem 0x00000000fffc0000-0x00000000ffffffff] reserved
[    0.000000] NX (Execute Disable) protection: active
[    0.000000] SMBIOS 2.5 present.
[    0.000000] Hypervisor detected: KVM
[    0.000000] e820: last_pfn = 0x2cff0 max_arch_pfn = 0x400000000
[    0.000000] MTRR: Disabled
[    0.000000] x86/PAT: MTRRs disabled, skipping PAT initialization too.
[    0.000000] CPU MTRRs all blank - virtualized system.
[    0.000000] x86/PAT: Configuration [0-7]: WB  WT  UC- UC  WB  WT  UC- UC  
[    0.000000] found SMP MP-table at [mem 0x0009fff0-0x0009ffff] mapped at [ffff88000009fff0]
[    0.000000] Scanning 1 areas for low memory corruption
[    0.000000] RAMDISK: [mem 0x2b8be000-0x2c738fff]
[    0.000000] ACPI: Early table checksum verification disabled
[    0.000000] ACPI: RSDP 0x00000000000E0000 000024 (v02 VBOX  )
[    0.000000] ACPI: XSDT 0x000000002CFF0030 00003C (v01 VBOX   VBOXXSDT 00000001 ASL  00000061)
[    0.000000] ACPI: FACP 0x000000002CFF00F0 0000F4 (v04 VBOX   VBOXFACP 00000001 ASL  00000061)
[    0.000000] ACPI: DSDT 0x000000002CFF0470 0021FF (v02 VBOX   VBOXBIOS 00000002 INTL 20180105)
[    0.000000] ACPI: FACS 0x000000002CFF0200 000040
[    0.000000] ACPI: FACS 0x000000002CFF0200 000040
[    0.000000] ACPI: APIC 0x000000002CFF0240 000054 (v02 VBOX   VBOXAPIC 00000001 ASL  00000061)
[    0.000000] ACPI: SSDT 0x000000002CFF02A0 0001CC (v01 VBOX   VBOXCPUT 00000002 INTL 20180105)
[    0.000000] No NUMA configuration found
[    0.000000] Faking a node at [mem 0x0000000000000000-0x000000002cfeffff]
[    0.000000] NODE_DATA(0) allocated [mem 0x2cfeb000-0x2cfeffff]
[    0.000000] kvm-clock: Using msrs 4b564d01 and 4b564d00
[    0.000000] kvm-clock: cpu 0, msr 0:2cfe3001, primary cpu clock
[    0.000000] kvm-clock: using sched offset of 7283157362 cycles
[    0.000000] clocksource: kvm-clock: mask: 0xffffffffffffffff max_cycles: 0x1cd42e4dffb, max_idle_ns: 881590591483 ns
[    0.000000] Zone ranges:
[    0.000000]   DMA      [mem 0x0000000000001000-0x0000000000ffffff]
[    0.000000]   DMA32    [mem 0x0000000001000000-0x000000002cfeffff]
[    0.000000]   Normal   empty
[    0.000000]   Device   empty
[    0.000000] Movable zone start for each node
[    0.000000] Early memory node ranges
[    0.000000]   node   0: [mem 0x0000000000001000-0x000000000009efff]
[    0.000000]   node   0: [mem 0x0000000000100000-0x000000002cfeffff]
[    0.000000] Initmem setup node 0 [mem 0x0000000000001000-0x000000002cfeffff]
[    0.000000] ACPI: PM-Timer IO Port: 0x4008
[    0.000000] IOAPIC[0]: apic_id 1, version 32, address 0xfec00000, GSI 0-23
[    0.000000] ACPI: INT_SRC_OVR (bus 0 bus_irq 0 global_irq 2 dfl dfl)
[    0.000000] ACPI: INT_SRC_OVR (bus 0 bus_irq 9 global_irq 9 low level)
[    0.000000] Using ACPI (MADT) for SMP configuration information
[    0.000000] smpboot: Allowing 1 CPUs, 0 hotplug CPUs
[    0.000000] PM: Registered nosave memory: [mem 0x00000000-0x00000fff]
[    0.000000] PM: Registered nosave memory: [mem 0x0009f000-0x0009ffff]
[    0.000000] PM: Registered nosave memory: [mem 0x000a0000-0x000effff]
[    0.000000] PM: Registered nosave memory: [mem 0x000f0000-0x000fffff]
[    0.000000] e820: [mem 0x2d000000-0xfebfffff] available for PCI devices
[    0.000000] Booting paravirtualized kernel on KVM
[    0.000000] clocksource: refined-jiffies: mask: 0xffffffff max_cycles: 0xffffffff, max_idle_ns: 7645519600211568 ns
[    0.000000] setup_percpu: NR_CPUS:512 nr_cpumask_bits:512 nr_cpu_ids:1 nr_node_ids:1
[    0.000000] PERCPU: Embedded 34 pages/cpu @ffff88002cc00000 s99480 r8192 d31592 u2097152
[    0.000000] Built 1 zonelists in Node order, mobility grouping on.  Total pages: 181304
[    0.000000] Policy zone: DMA32
[    0.000000] Kernel command line: BOOT_IMAGE=/boot/vmlinuz-4.4.0-154-generic root=LABEL=cloudimg-rootfs ro console=tty1 console=ttyS0
[    0.000000] PID hash table entries: 4096 (order: 3, 32768 bytes)
[    0.000000] Memory: 690668K/736824K available (8613K kernel code, 1335K rwdata, 4028K rodata, 1484K init, 1284K bss, 46156K reserved, 0K cma-reserved)
[    0.000000] SLUB: HWalign=64, Order=0-3, MinObjects=0, CPUs=1, Nodes=1
[    0.000000] Kernel/User page tables isolation: enabled
[    0.000000] Hierarchical RCU implementation.
[    0.000000] 	Build-time adjustment of leaf fanout to 64.
[    0.000000] 	RCU restricting CPUs from NR_CPUS=512 to nr_cpu_ids=1.
[    0.000000] RCU: Adjusting geometry for rcu_fanout_leaf=64, nr_cpu_ids=1
[    0.000000] NR_IRQS:33024 nr_irqs:256 16
[    0.000000] Console: colour VGA+ 80x25
[    0.000000] console [tty1] enabled
[    0.000000] console [ttyS0] enabled
[    0.000000] tsc: Detected 2992.498 MHz processor
[    0.577915] Calibrating delay loop (skipped) preset value.. 5984.99 BogoMIPS (lpj=11969992)
[    0.580944] pid_max: default: 32768 minimum: 301
[    0.582522] ACPI: Core revision 20150930
[    0.585232] ACPI: 2 ACPI AML tables successfully acquired and loaded
[    0.587506] Security Framework initialized
[    0.588995] Yama: becoming mindful.
[    0.590381] AppArmor: AppArmor initialized
[    0.592006] Dentry cache hash table entries: 131072 (order: 8, 1048576 bytes)
[    0.594531] Inode-cache hash table entries: 65536 (order: 7, 524288 bytes)
[    0.596816] Mount-cache hash table entries: 2048 (order: 2, 16384 bytes)
[    0.598848] Mountpoint-cache hash table entries: 2048 (order: 2, 16384 bytes)
[    0.601431] Initializing cgroup subsys io
[    0.602870] Initializing cgroup subsys memory
[    0.604414] Initializing cgroup subsys devices
[    0.605949] Initializing cgroup subsys freezer
[    0.607492] Initializing cgroup subsys net_cls
[    0.609083] Initializing cgroup subsys perf_event
[    0.610671] Initializing cgroup subsys net_prio
[    0.672990] Initializing cgroup subsys hugetlb
[    0.674536] Initializing cgroup subsys pids
[    0.676148] mce: CPU supports 0 MCE banks
[    0.677634] process: using mwait in idle threads
[    0.679240] Last level iTLB entries: 4KB 128, 2MB 4, 4MB 4
[    0.681029] Last level dTLB entries: 4KB 256, 2MB 0, 4MB 32, 1GB 0
[    0.682990] Spectre V2 : Mitigation: Full generic retpoline
[    0.684791] Spectre V2 : Spectre v2 / SpectreRSB mitigation: Filling RSB on context switch
[    0.687692] Speculative Store Bypass: Vulnerable
[    0.690172] MDS: Vulnerable: Clear CPU buffers attempted, no microcode
[    1.309079] Freeing SMP alternatives memory: 36K
[    1.319707] ftrace: allocating 32299 entries in 127 pages
[    1.434008] smpboot: APIC(0) Converting physical 0 to logical package 0
[    1.442886] smpboot: Max logical packages: 1
[    1.444997] x2apic enabled
[    1.446695] Switched APIC routing to physical x2apic.
[    1.450713] ..TIMER: vector=0x30 apic1=0 pin1=2 apic2=-1 pin2=-1
[    1.521062] APIC calibration not consistent with PM-Timer: 212ms instead of 100ms
[    1.525565] APIC delta adjusted to PM-Timer: 6249993 (13250763)
[    1.539013] smpboot: CPU0: Intel(R) Core(TM)2 Duo CPU     E8400  @ 3.00GHz (family: 0x6, model: 0x17, stepping: 0xa)
[    1.613287] Performance Events: unsupported p6 CPU model 23 no PMU driver, software events only.
[    1.759011] KVM setup paravirtual spinlock
[    1.763704] x86: Booted up 1 node, 1 CPUs
[    1.765160] smpboot: Total of 1 processors activated (5984.99 BogoMIPS)
[    1.818406] devtmpfs: initialized
[    1.822467] evm: security.selinux
[    1.823748] evm: security.SMACK64
[    1.825041] evm: security.SMACK64EXEC
[    1.826394] evm: security.SMACK64TRANSMUTE
[    1.827871] evm: security.SMACK64MMAP
[    1.829227] evm: security.ima
[    1.830437] evm: security.capability
[    1.831920] clocksource: jiffies: mask: 0xffffffff max_cycles: 0xffffffff, max_idle_ns: 7645041785100000 ns
[    1.835158] futex hash table entries: 256 (order: 2, 16384 bytes)
[    1.837200] pinctrl core: initialized pinctrl subsystem
[    1.839090] RTC time: 16:11:17, date: 08/23/19
[    1.840953] NET: Registered protocol family 16
[    1.842744] cpuidle: using governor ladder
[    1.844207] cpuidle: using governor menu
[    1.845648] PCCT header not found.
[    1.846988] ACPI: bus type PCI registered
[    1.848446] acpiphp: ACPI Hot Plug PCI Controller Driver version: 0.5
[    1.850555] PCI: Using configuration type 1 for base access
[    1.863935] ACPI: Added _OSI(Module Device)
[    1.865425] ACPI: Added _OSI(Processor Device)
[    1.866956] ACPI: Added _OSI(3.0 _SCP Extensions)
[    1.921025] ACPI: Added _OSI(Processor Aggregator Device)
[    1.923592] ACPI: Executed 1 blocks of module-level executable AML code
[    1.928159] ACPI: Interpreter enabled
[    1.929532] ACPI: (supports S0 S5)
[    1.930850] ACPI: Using IOAPIC for interrupt routing
[    1.932708] PCI: Using host bridge windows from ACPI; if necessary, use "pci=nocrs" and report a bug
[    1.940233] ACPI: PCI Root Bridge [PCI0] (domain 0000 [bus 00-ff])
[    1.952192] acpi PNP0A03:00: _OSC: OS supports [ASPM ClockPM Segments MSI]
[    1.954304] acpi PNP0A03:00: _OSC: not requesting OS control; OS requires [ExtendedConfig ASPM ClockPM MSI]
[    1.957499] acpi PNP0A03:00: fail to add MMCONFIG information, can't access extended PCI configuration space under this bridge.
[    1.961511] PCI host bridge to bus 0000:00
[    1.962965] pci_bus 0000:00: root bus resource [io  0x0000-0x0cf7 window]
[    1.965052] pci_bus 0000:00: root bus resource [io  0x0d00-0xffff window]
[    1.967129] pci_bus 0000:00: root bus resource [mem 0x000a0000-0x000bffff window]
[    2.042731] pci_bus 0000:00: root bus resource [mem 0x2d000000-0xfdffffff window]
[    2.062484] pci_bus 0000:00: root bus resource [bus 00-ff]
[    2.066657] pci 0000:00:01.1: legacy IDE quirk: reg 0x10: [io  0x01f0-0x01f7]
[    2.068822] pci 0000:00:01.1: legacy IDE quirk: reg 0x14: [io  0x03f6]
[    2.070856] pci 0000:00:01.1: legacy IDE quirk: reg 0x18: [io  0x0170-0x0177]
[    2.128377] pci 0000:00:01.1: legacy IDE quirk: reg 0x1c: [io  0x0376]
[    2.150569] pci 0000:00:07.0: quirk: [io  0x4000-0x403f] claimed by PIIX4 ACPI
[    2.234210] pci 0000:00:07.0: quirk: [io  0x4100-0x410f] claimed by PIIX4 SMB
[    2.243276] ACPI: PCI Interrupt Link [LNKA] (IRQs 5 9 10 *11)
[    2.253538] ACPI: PCI Interrupt Link [LNKB] (IRQs 5 9 *10 11)
[    2.256064] ACPI: PCI Interrupt Link [LNKC] (IRQs 5 *9 10 11)
[    2.280211] ACPI: PCI Interrupt Link [LNKD] (IRQs 5 9 10 *11)
[    2.333546] ACPI: Enabled 2 GPEs in block 00 to 07
[    2.336106] vgaarb: setting as boot device: PCI:0000:00:02.0
[    2.337930] vgaarb: device added: PCI:0000:00:02.0,decodes=io+mem,owns=io+mem,locks=none
[    2.340778] vgaarb: loaded
[    2.341943] vgaarb: bridge control possible 0000:00:02.0
[    2.344302] SCSI subsystem initialized
[    2.346099] ACPI: bus type USB registered
[    2.347624] usbcore: registered new interface driver usbfs
[    2.352127] usbcore: registered new interface driver hub
[    2.361746] usbcore: registered new device driver usb
[    2.363739] PCI: Using ACPI for IRQ routing
[    2.365941] NetLabel: Initializing
[    2.367274] NetLabel:  domain hash size = 128
[    2.368792] NetLabel:  protocols = UNLABELED CIPSOv4
[    2.370520] NetLabel:  unlabeled traffic allowed by default
[    2.372674] amd_nb: Cannot enumerate AMD northbridges
[    2.374468] clocksource: Switched to clocksource kvm-clock
[    2.439582] AppArmor: AppArmor Filesystem Enabled
[    2.442480] pnp: PnP ACPI init
[    2.463849] pnp: PnP ACPI: found 3 devices
[    2.472530] clocksource: acpi_pm: mask: 0xffffff max_cycles: 0xffffff, max_idle_ns: 2085701024 ns
[    2.475633] NET: Registered protocol family 2
[    2.477647] TCP established hash table entries: 8192 (order: 4, 65536 bytes)
[    2.479884] TCP bind hash table entries: 8192 (order: 5, 131072 bytes)
[    2.481949] TCP: Hash tables configured (established 8192 bind 8192)
[    2.539707] UDP hash table entries: 512 (order: 2, 16384 bytes)
[    2.644819] UDP-Lite hash table entries: 512 (order: 2, 16384 bytes)
[    2.663661] NET: Registered protocol family 1
[    2.665810] pci 0000:00:00.0: Limiting direct PCI/PCI transfers
[    2.668759] pci 0000:00:01.0: Activating ISA DMA hang workarounds
[    2.671822] Unpacking initramfs...
[    3.101893] Freeing initrd memory: 14828K
[    3.160832] clocksource: tsc: mask: 0xffffffffffffffff max_cycles: 0x2b2296bc2b9, max_idle_ns: 440795321505 ns
[    3.164237] platform rtc_cmos: registered platform RTC device (no PNP device found)
[    3.167069] Scanning for low memory corruption every 60 seconds
[    3.169379] audit: initializing netlink subsys (disabled)
[    3.171205] audit: type=2000 audit(1566576685.804:1): initialized
[    3.173536] Initialise system trusted keyring
[    3.175249] HugeTLB registered 2 MB page size, pre-allocated 0 pages
[    3.178850] zbud: loaded
[    3.180324] VFS: Disk quotas dquot_6.6.0
[    3.181850] VFS: Dquot-cache hash table entries: 512 (order 0, 4096 bytes)
[    3.184298] squashfs: version 4.0 (2009/01/31) Phillip Lougher
[    3.187216] fuse init (API version 7.23)
[    3.188819] Key type big_key registered
[    3.190241] Allocating IMA MOK and blacklist keyrings.
[    3.202459] Key type asymmetric registered
[    3.203972] Asymmetric key parser 'x509' registered
[    3.205656] Block layer SCSI generic (bsg) driver version 0.4 loaded (major 249)
[    3.208400] io scheduler noop registered
[    3.281710] io scheduler deadline registered (default)
[    3.283508] io scheduler cfq registered
[    3.285057] pci_hotplug: PCI Hot Plug PCI Core version: 0.5
[    3.286870] pciehp: PCI Express Hot Plug Controller Driver version: 0.4
[    3.362859] ACPI: AC Adapter [AC] (on-line)
[    3.364481] input: Power Button as /devices/LNXSYSTM:00/LNXPWRBN:00/input/input0
[    3.367156] ACPI: Power Button [PWRF]
[    3.368653] input: Sleep Button as /devices/LNXSYSTM:00/LNXSLPBN:00/input/input1
[    3.371370] ACPI: Sleep Button [SLPF]
[    3.372944] GHES: HEST is not enabled!
[    3.374460] Serial: 8250/16550 driver, 32 ports, IRQ sharing enabled
[    3.399894] 00:02: ttyS0 at I/O 0x3f8 (irq = 4, base_baud = 115200) is a 16550A
[    3.403951] Linux agpgart interface v0.103
[    3.406877] loop: module loaded
[    3.408963] scsi host0: ata_piix
[    3.410341] scsi host1: ata_piix
[    3.464088] ata1: PATA max UDMA/33 cmd 0x1f0 ctl 0x3f6 bmdma 0xd000 irq 14
[    3.466160] ata2: PATA max UDMA/33 cmd 0x170 ctl 0x376 bmdma 0xd008 irq 15
[    3.468717] libphy: Fixed MDIO Bus: probed
[    3.470177] tun: Universal TUN/TAP device driver, 1.6
[    3.481890] tun: (C) 1999-2004 Max Krasnyansky <maxk@qualcomm.com>
[    3.484168] PPP generic driver version 2.4.2
[    3.485754] ehci_hcd: USB 2.0 'Enhanced' Host Controller (EHCI) Driver
[    3.487808] ehci-pci: EHCI PCI platform driver
[    3.489348] ehci-platform: EHCI generic platform driver
[    3.491101] ohci_hcd: USB 1.1 'Open' Host Controller (OHCI) Driver
[    3.493042] ohci-pci: OHCI PCI platform driver
[    3.494590] ohci-platform: OHCI generic platform driver
[    3.496356] uhci_hcd: USB Universal Host Controller Interface driver
[    3.498389] i8042: PNP: PS/2 Controller [PNP0303:PS2K,PNP0f03:PS2M] at 0x60,0x64 irq 1,12
[    3.501976] serio: i8042 KBD port at 0x60,0x64 irq 1
[    3.503658] serio: i8042 AUX port at 0x60,0x64 irq 12
[    3.505458] mousedev: PS/2 mouse device common for all mice
[    3.507711] input: AT Translated Set 2 keyboard as /devices/platform/i8042/serio0/input/input2
[    3.569053] rtc_cmos rtc_cmos: rtc core: registered rtc_cmos as rtc0
[    3.571160] rtc_cmos rtc_cmos: alarms up to one day, 114 bytes nvram
[    3.573134] i2c /dev entries driver
[    3.574513] device-mapper: uevent: version 1.0.3
[    3.576214] device-mapper: ioctl: 4.34.0-ioctl (2015-10-28) initialised: dm-devel@redhat.com
[    3.579124] ledtrig-cpu: registered to indicate activity on CPUs
[    3.581461] NET: Registered protocol family 10
[    3.583344] NET: Registered protocol family 17
[    3.584948] Key type dns_resolver registered
[    3.586730] registered taskstats version 1
[    3.588262] Loading compiled-in X.509 certificates
[    3.590880] Loaded X.509 cert 'Build time autogenerated kernel key: 65139e04a67245b562a838c28b5e7032abdd4348'
[    3.594141] zswap: loaded using pool lzo/zbud
[    3.607736] Key type trusted registered
[    3.684639] Key type encrypted registered
[    3.691204] AppArmor: AppArmor sha1 policy hashing enabled
[    3.712386] ima: No TPM chip found, activating TPM-bypass!
[    3.714238] ima: Allocated hash algorithm: sha1
[    3.715906] evm: HMAC attrs: 0x1
[    3.812432]   Magic number: 15:55:187
[    3.813899] rtc_cmos rtc_cmos: setting system clock to 2019-08-23 16:11:19 UTC (1566576679)
[    3.816920] BIOS EDD facility v0.16 2004-Jun-25, 0 devices found
[    3.818793] EDD information not available.
[    3.825280] Freeing unused kernel memory: 1484K
[    3.890577] Write protecting the kernel read-only data: 14336k
[    3.904819] Freeing unused kernel memory: 1616K
[    3.932593] Freeing unused kernel memory: 68K
Loading, please wait...
starting version[    4.204543] random: systemd-udevd: uninitialized urandom read (16 bytes read, 3 bits of entropy available)
 229
[    4.218117] random: udevadm: uninitialized urandom read (16 bytes read, 3 bits of entropy available)
[    4.221874] random: systemd-udevd: uninitialized urandom read (16 bytes read, 3 bits of entropy available)
[    4.232536] random: udevadm: uninitialized urandom read (16 bytes read, 3 bits of entropy available)
[    4.235713] random: systemd-udevd: uninitialized urandom read (16 bytes read, 3 bits of entropy available)
[    4.391824] random: systemd-udevd: uninitialized urandom read (16 bytes read, 3 bits of entropy available)
[    4.406805] random: systemd-udevd: uninitialized urandom read (16 bytes read, 3 bits of entropy available)
[    4.410056] random: systemd-udevd: uninitialized urandom read (16 bytes read, 3 bits of entropy available)
[    4.423300] random: systemd-udevd: uninitialized urandom read (16 bytes read, 3 bits of entropy available)
[    4.428263] random: systemd-udevd: uninitialized urandom read (16 bytes read, 3 bits of entropy available)
[    5.145394] Fusion MPT base driver 3.04.20
[    5.152294] Copyright (c) 1999-2008 LSI Corporation
[    5.162164] e1000: Intel(R) PRO/1000 Network Driver - version 7.3.21-k8-NAPI
[    5.223727] e1000: Copyright (c) 1999-2006 Intel Corporation.
[    5.335195] Fusion MPT SPI Host driver 3.04.20
[    5.349022] mptbase: ioc0: Initiating bringup
[    5.481389] ioc0: LSI53C1030 A0: Capabilities={Initiator}
[    5.550461] input: ImExPS/2 Generic Explorer Mouse as /devices/platform/i8042/serio1/input/input4
[    6.004187] scsi host2: ioc0: LSI53C1030 A0, FwRev=00000000h, Ports=1, MaxQ=256, IRQ=20
[    6.116526] scsi 2:0:0:0: Direct-Access     VBOX     HARDDISK         1.0  PQ: 0 ANSI: 5
[    6.119368] scsi target2:0:0: Beginning Domain Validation
[    6.122191] scsi target2:0:0: Domain Validation skipping write tests
[    6.124181] scsi target2:0:0: Ending Domain Validation
[    6.132379] scsi target2:0:0: asynchronous
[    6.134194] scsi 2:0:1:0: Direct-Access     VBOX     HARDDISK         1.0  PQ: 0 ANSI: 5
[    6.137041] scsi target2:0:1: Beginning Domain Validation
[    6.139785] scsi target2:0:1: Domain Validation skipping write tests
[    6.141777] scsi target2:0:1: Ending Domain Validation
[    6.148417] scsi target2:0:1: asynchronous
[    6.367984] sd 2:0:0:0: Attached scsi generic sg0 type 0
[    6.369863] sd 2:0:0:0: [sda] 20971520 512-byte logical blocks: (10.7 GB/10.0 GiB)
[    6.373418] sd 2:0:1:0: [sdb] 20480 512-byte logical blocks: (10.5 MB/10.0 MiB)
[    6.376488] sd 2:0:1:0: [sdb] Write Protect is off
[    6.378251] sd 2:0:1:0: Attached scsi generic sg1 type 0
[    6.380154] sd 2:0:0:0: [sda] Write Protect is off
[    6.381957] sd 2:0:1:0: [sdb] Incomplete mode parameter data
[    6.383904] sd 2:0:1:0: [sdb] Assuming drive cache: write through
[    6.385896] sd 2:0:0:0: [sda] Incomplete mode parameter data
[    6.387807] sd 2:0:0:0: [sda] Assuming drive cache: write through
[    6.463048]  sda: sda1
[    6.482679] sd 2:0:1:0: [sdb] Attached SCSI disk
[    6.510195] sd 2:0:0:0: [sda] Attached SCSI disk
[    7.189746] e1000 0000:00:03.0 eth0: (PCI:33MHz:32-bit) 02:1e:e5:6d:71:21
[    7.202943] e1000 0000:00:03.0 eth0: Intel(R) PRO/1000 Network Connection
[    7.209304] e1000 0000:00:03.0 enp0s3: renamed from eth0
Begin: Loading essential drivers ... [   10.387006] md: linear personality registered for level -1
[   10.481856] md: multipath personality registered for level -4
[   10.506687] md: raid0 personality registered for level 0
[   10.611001] md: raid1 personality registered for level 1
[   10.791489] raid6: sse2x1   gen()  4068 MB/s
[   10.896404] raid6: sse2x1   xor()  3140 MB/s
[   11.001504] raid6: sse2x2   gen()  4356 MB/s
[   11.104658] raid6: sse2x2   xor()  3080 MB/s
[   11.206527] raid6: sse2x4   gen()  6769 MB/s
[   11.311482] raid6: sse2x4   xor()  4202 MB/s
[   11.331606] raid6: using algorithm sse2x4 gen() 6769 MB/s
[   11.333370] raid6: .... xor() 4202 MB/s, rmw enabled
[   11.335031] raid6: using ssse3x2 recovery algorithm
[   11.359541] xor: measuring software checksum speed
[   11.441160]    prefetch64-sse: 14260.000 MB/sec
[   11.530795]    generic_sse: 26436.000 MB/sec
[   11.556477] xor: using function: generic_sse (26436.000 MB/sec)
[   11.616737] async_tx: api initialized (async)
[   11.653747] md: raid6 personality registered for level 6
[   11.655519] md: raid5 personality registered for level 5
[   11.657263] md: raid4 personality registered for level 4
[   11.844472] md: raid10 personality registered for level 10
done.
Begin: Running /scripts/init-premount ... done.
Begin: Mounting root file system ... Begin: Running /scripts/local-top ... done.
Begin: Running /scripts/local-premount ... [   12.190021] Btrfs loaded
Scanning for Btrfs filesystems
done.
Warning: fsck not present, so skipping root file system
[   12.616839] EXT4-fs (sda1): mounted filesystem with ordered data mode. Opts: (null)
done.
Begin: Running /scripts/local-bottom ... done.
Begin: Running /scripts/init-bottom ... [   12.972894] random: nonblocking pool is initialized
done.
[   13.607132] systemd[1]: systemd 229 running in system mode. (+PAM +AUDIT +SELINUX +IMA +APPARMOR +SMACK +SYSVINIT +UTMP +LIBCRYPTSETUP +GCRYPT +GNUTLS +ACL +XZ -LZ4 +SECCOMP +BLKID +ELFUTILS +KMOD -IDN)
[   13.623601] systemd[1]: Detected virtualization oracle.
[   13.631967] systemd[1]: Detected architecture x86-64.

Welcome to [1mUbuntu 16.04.6 LTS[0m!

[   13.654576] systemd[1]: Set hostname to <ubuntu>.
[   13.671330] systemd[1]: Initializing machine ID from random generator.
[   13.674691] systemd[1]: Installed transient /etc/machine-id file.
[   14.932981] systemd[1]: Listening on Journal Audit Socket.
[[0;32m  OK  [0m] Listening on Journal Audit Socket.
[   14.946202] systemd[1]: Created slice System Slice.
[[0;32m  OK  [0m] Created slice System Slice.
[   14.950851] systemd[1]: Created slice User and Session Slice.
[[0;32m  OK  [0m] Created slice User and Session Slice.
[   14.964460] systemd[1]: Reached target Slices.
[[0;32m  OK  [0m] Reached target Slices.
[   14.968012] systemd[1]: Reached target System Time Synchronized.
[[0;32m  OK  [0m] Reached target System Time Synchronized.
[   15.007750] systemd[1]: Started Trigger resolvconf update for networkd DNS.
[[0;32m  OK  [0m] Started Trigger resolvconf update for networkd DNS.
[   15.012350] systemd[1]: Listening on Journal Socket.
[[0;32m  OK  [0m] Listening on Journal Socket.
[   15.019557] systemd[1]: Mounting POSIX Message Queue File System...
         Mounting POSIX Message Queue File System...
[   15.033152] systemd[1]: Starting Nameserver information manager...
         Starting Nameserver information manager...
[   15.136444] systemd[1]: Mounting Debug File System...
         Mounting Debug File System...
[   15.252663] systemd[1]: Starting Remount Root and Kernel File Systems...
         Starting Remount Root and Kernel File Systems...
[   15.332685] systemd[1]: Listening on udev Control Socket.
[[0;32m  OK  [0m] Listening on udev Control Socket.
[   15.348304] systemd[1]: Listening on Journal Socket (/dev/log).
[[0;32m  OK  [0m] Listening on Journal Socket (/dev/log).
[   15.363239] systemd[1]: Reached target Swap.
[[0;32m  OK  [0m] Reached target Swap.[   15.425396] EXT4-fs (sda1): re-mounted. Opts: (null)

[   15.429636] systemd[1]: Reached target User and Group Name Lookups.
[[0;32m  OK  [0m] Reached target User and Group Name Lookups.
[   15.451989] systemd[1]: Listening on /dev/initctl Compatibility Named Pipe.
[[0;32m  OK  [0m] Listening on /dev/initctl Compatibility Named Pipe.
[   15.456864] systemd[1]: Listening on Syslog Socket.
[[0;32m  OK  [0m] Listening on Syslog Socket.
[   15.466309] systemd[1]: Starting Journal Service...
         Starting Journal Service...
[   15.585123] systemd[1]: Starting Load Kernel Modules...
         Starting Load Kernel Modules...
[   15.642074] systemd[1]: Listening on udev Kernel Socket.
[[0;32m  OK  [0m] Listening on udev Kernel Socket.
[   15.674419] systemd[1]: Starting Uncomplicated firewall...
         Starting Uncomplicated firewall...
[   15.763878] systemd[1]: Starting Create list of required static device nodes for the current kernel...
         Starting Create list of required st... nodes for the current kernel...
[   15.852271] systemd[1]: Listening on Device-mapper event daemon FIFOs.
[[0;32m  OK  [0m] Listening on Device-mapper event daemon FIFOs.
[   15.883456] systemd[1]: Created slice system-serial\x2dgetty.slice.
[   15.968972] Loading iSCSI transport class v2.0-870.
[[0;32m  OK  [0m] Created slice system-serial\x2dgetty.slice.
[   16.049484] systemd[1]: Starting Set console keymap...
         Starting Set console keymap...
[   16.067183] systemd[1]: Mounting Huge Pages File System...
         Mounting Huge Pages File System...
[   16.152130] systemd[1]: Reached target Encrypted Volumes.
[[0;32m  OK  [0m] Reached target Encrypted Volumes.
[   16.165807] systemd[1]: Started Forward Password Requests to Wall Directory Watch.
[[0;32m  OK  [0m] Started Forward Password Requests to Wall Directory Watch.
[   16.171401] systemd[1]: Listening on LVM2 metadata daemon socket.
[[0;32m  OK  [0m] Listening on LVM2 metadata daemon socket.
[   16.179596] systemd[1]: Starting Monitoring of LVM2 mirrors, snapshots etc. using dmeventd or progress polling...
         Starting Monitoring of LVM2 mirrors... dmeventd or progress polling...
[   16.265118] systemd[1]: Listening on LVM2 poll daemon socket.
[[0;32m  OK  [0m] Listening on LVM2 poll daemon socket.
[   16.293653] systemd[1]: Set up automount Arbitrary Executable File Formats File System Automount Point.
[[0;32m  OK  [0m] Set up automount Arbitrary Executab...ats File System Automount Point.
[   16.374022] systemd[1]: Mounted POSIX Message Queue File System.
[[0;32m  OK  [0m] Mounted POSIX Message Queue File System.
[   16.489227] systemd[1]: Mounted Debug File System.
[[0;32m  OK  [0m] Mounted Debug File System.
[   16.557424] iscsi: registered transport (tcp)
[   16.661225] systemd[1]: Mounted Huge Pages File System.
[[0;32m  OK  [0m] Mounted Huge Pages File System.
[   16.694779] systemd[1]: Started Journal Service.
[[0;32m  OK  [0m] Started Journal Service.
[[0;32m  OK  [0m] Started Remount Root and Kernel File Systems.
[[0;32m  OK  [0m] Started Uncomplicated firewall.
[[0;32m  OK  [0m] Started Create list of required sta...ce nodes for the current kernel.
[[0;32m  OK  [0m] Started Nameserver information manager.
[   17.502672] iscsi: registered transport (iser)
[[0;32m  OK  [0m] Started Load Kernel Modules.
[[0;32m  OK  [0m] Started Set console keymap.
         Starting Apply Kernel Variables...
         Mounting FUSE Control File System...
[[0;32m  OK  [0m] Started LVM2 metadata daemon.
         Starting Create Static Device Nodes in /dev...
         Starting udev Coldplug all Devices...
         Starting Load/Save Random Seed...
         Starting Flush Journal to Persistent Storage...
[[0;32m  OK  [0m] Mounted FUSE Control File System.
[[0;32m  OK  [0m] Started Apply Kernel Variables.
[[0;32m  OK  [0m] Started Load/Save Random Seed.
[[0;32m  OK  [0m] Started Create Static Device Nodes in /dev.
         Starting udev Kernel Device Manager...
[[0;32m  OK  [0m] Started Monitoring of LVM2 mirrors,...ng dmeventd or progress polling.
[[0;32m  OK  [0m] Reached target Local File Systems (Pre).
[[0;32m  OK  [0m] Reached target Local File Systems.
         Starting Commit a transient machine-id on disk...
         Starting Tell Plymouth To Write Out Runtime Data...
         Starting Initial cloud-init job (pre-networking)...
         Starting LSB: AppArmor initialization...
         Starting Set console font and keymap...
[[0;32m  OK  [0m] Started Commit a transient machine-id on disk.
[[0;32m  OK  [0m] Started Tell Plymouth To Write Out Runtime Data.
[[0;32m  OK  [0m] Started Flush Journal to Persistent Storage.
         Starting Create Volatile Files and Directories...
[[0;32m  OK  [0m] Started Create Volatile Files and Directories.
         Starting Update UTMP about System Boot/Shutdown...
[[0;32m  OK  [0m] Started udev Kernel Device Manager.
[[0;32m  OK  [0m] Started Update UTMP about System Boot/Shutdown.
[[0;32m  OK  [0m] Started udev Coldplug all Devices.
[[0;32m  OK  [0m] Started Dispatch Password Requests to Console Directory Watch.
[[0;32m  OK  [0m] Found device /dev/ttyS0.
[[0;32m  OK  [0m] Listening on Load/Save RF Kill Switch Status /dev/rfkill Watch.
[[0;32m  OK  [0m] Started LSB: AppArmor initialization.
[   33.391838] cloud-init[448]: Cloud-init v. 19.1-1-gbaa47854-0ubuntu1~16.04.1 running 'init-local' at Fri, 23 Aug 2019 16:11:46 +0000. Up 29.39 seconds.
[[0;32m  OK  [0m] Started Initial cloud-init job (pre-networking).
[[0;32m  OK  [0m] Reached target Network (Pre).
         Starting Raise network interfaces...
[[0;32m  OK  [0m] Started Set console font and keymap.
[[0;32m  OK  [0m] Created slice system-getty.slice.
[[0;32m  OK  [0m] Started Raise network interfaces.
[[0;32m  OK  [0m] Reached target Network.
         Starting Initial cloud-init job (metadata service crawler)...
[   44.349285] cloud-init[935]: Cloud-init v. 19.1-1-gbaa47854-0ubuntu1~16.04.1 running 'init' at Fri, 23 Aug 2019 16:11:58 +0000. Up 40.66 seconds.
[   44.446457] cloud-init[935]: ci-info: ++++++++++++++++++++++++++++++++++++++Net device info++++++++++++++++++++++++++++++++++++++
[   44.458009] cloud-init[935]: ci-info: +--------+------+----------------------------+---------------+--------+-------------------+
[   44.511122] cloud-init[935]: ci-info: | Device |  Up  |          Address           |      Mask     | Scope  |     Hw-Address    |
[   44.521066] cloud-init[935]: ci-info: +--------+------+----------------------------+---------------+--------+-------------------+
[   44.711569] cloud-init[935]: ci-info: | enp0s3 | True |         10.0.2.15          | 255.255.255.0 | global | 02:1e:e5:6d:71:21 |
[[0;32m  OK  [0m] Started Initial cloud-init job (metadata service crawler).[   44.827006] cloud-init[935]: ci-info: | enp0s3 | True | fe80::1e:e5ff:fe6d:7121/64 |       .       |  link  | 02:1e:e5:6d:71:21 |
[   44.831698] 
[[0;32m  OK  [0m] Reached target System Initialization.
[[0;32m  OK  [0mcloud-init[935]: ci-info: |   lo   | True |         127.0.0.1          |   255.0.0.0   |  host  |         .         |
[   44.842844] cloud-init[935]: ci-info: |   lo   | True |          ::1/128           |       .       |  host  |         .         |] Listening on ACPID Listen Socket.
[[0;32m  OK  [0m] Started Daily Cleanup of Temporary Directories.

[   44.869969]          Starting LXD - unix socket.
cloud-init[935]: ci-info: +--------+------+----------------------------+---------------+--------+-------------------+
[   44.891883] cloud-init[935]: ci-info: +++++++++++++++++++++++++++Route IPv4 info++++++++++++++++++++++++++++
[   44.894841] cloud-init[935]: [[0;32m  OK  [0m] Started ACPI Events Check.
[[0;32m  OK  [0mci-info: +-------+-------------+----------+---------------+-----------+-------+
[   44.919677] cloud-init[935]: ci-info: | Route | Destination | Gateway  |    Genmask    | Interface | Flags |
[   44.919911] cloud-init[935]: ci-info: +-------+-------------+----------+---------------+-----------+-------+
[   44.920135] cloud-init[935]: ci-info: |   0   |   0.0.0.0   | 10.0.2.2 |    0.0.0.0    |   enp0s3  |   UG  |
[   44.920429] cloud-init[935]: ci-info: |   1   |   10.0.2.0  | 0.0.0.0  | 255.255.255.0 |   enp0s3  |   U   |
[   44.920654] cloud-init[935]: ci-info: +-------+-------------+----------+---------------+-----------+-------+
[   44.920910] cloud-init[935]: ci-info: +++++++++++++++++++Route IPv6 info+++++++++++++++++++
[   44.921156] cloud-init[935]: ci-info: +-------+-------------+---------+-----------+-------+
[   44.921384] cloud-init[935]: ci-info: | Route | Destination | Gateway | Interface | Flags |
[   44.921612] cloud-init[935]: ci-info: +-------+-------------+---------+-----------+-------+
[   44.921837] cloud-init[935]: ci-info: |   0   |  fe80::/64  |    ::   |   enp0s3  |   U   |
[   44.922064] cloud-init[935]: ci-info: |   4   |   ff00::/8  |    ::   |   enp0s3  |   U   |
[   44.922289] cloud-init[935]: ci-info: +-------+-------------+---------+-----------+-------+
[   44.922649] cloud-init[935]: Generating public/private rsa key pair.
[   44.922876] cloud-init[935]: Your identification has been saved in /etc/ssh/ssh_host_rsa_key.
[   44.923142] cloud-init[935]: Your public key has been saved in /etc/ssh/ssh_host_rsa_key.pub.
[   44.923368] cloud-init[935]: The key fingerprint is:
[   44.923592] cloud-init[935]: SHA256:HQcFKT4kSM4TQziC7ykcota86AUixvHME7sYJ7UYKt4 root@ubuntu-xenial
[   44.923816] cloud-init[935]: The key's randomart image is:
[   44.924039] cloud-init[935]: +---[RSA 2048]----+
[   44.924263] cloud-init[935]: |.  +=.    o+.    |
[   44.924489] cloud-init[935]: |o oo.o. o ..     |
[   44.924716] cloud-init[935]: | = ++  + .. .    |
[   44.924944] cloud-init[935]: |+.X +.  o. o     |
[   44.925281] cloud-init[935]: |OO+X    S..      |
[   44.925506] cloud-init[935]: |OoXoo            |
[   44.925778] cloud-init[935]: |.+.E.            |
[   44.926004] cloud-init[935]: | ...             |
[   44.926231] cloud-init[935]: |..               |
[   44.926459] cloud-init[935]: +----[SHA256]-----+
[   44.926683] cloud-init[935]: Generating public/private dsa key pair.
[   44.926908] cloud-init[935]: Your identification has been saved in /etc/ssh/ssh_host_dsa_key.
[   44.927133] cloud-init[935]: Your public key has been saved in /etc/ssh/ssh_host_dsa_key.pub.
[   44.927359] cloud-init[935]: The key fingerprint is:
[   44.927638] cloud-init[935]: SHA256:Ly7lMDSNpfSnq8Wduvma/rakEz9X+DduTVofeNUh6Hg root@ubuntu-xenial
[   44.927868] cloud-init[935]: The key's randomart image is:
[   44.928090] cloud-init[935]: +---[DSA 1024]----+
[   44.928316] cloud-init[935]: |            .    |
[   44.928545] cloud-init[935]: |      . .  . . . |
[   44.928769] cloud-init[935]: |     . *  o   . o|
[   44.929156] cloud-init[935]: |      = o..E    o|
[   44.929386] cloud-init[935]: |     . .So.  .. .|
[   44.929610] cloud-init[935]: |      o.+o ....oo|
[   44.929841] cloud-init[935]: |       =++=  o.++|
[   44.930112] cloud-init[935]: |      .o+B+ . oo+|
[   44.930370] cloud-init[935]: |      .+XB++  oo.|
[   44.930594] cloud-init[935]: +----[SHA256]-----+
[   44.930822] cloud-init[935]: Generating public/private ecdsa key pair.
[   44.931050] cloud-init[935]: Your identification has been saved in /etc/ssh/ssh_host_ecdsa_key.
[   44.931278] cloud-init[935]: Your public key has been saved in /etc/ssh/ssh_host_ecdsa_key.pub.
[   44.931502] cloud-init[935]: The key fingerprint is:
[   44.931732] cloud-init[935]: SHA256:VVoz1rbOLbirlNh4fvaCn9eXLMK9As8wfkwdS+knVyo root@ubuntu-xenial
[   44.931995] cloud-init[935]: The key's randomart image is:
[   44.932221] cloud-init[935]: +---[ECDSA 256]---+
[   44.932448] cloud-init[935]: |            *.   |
[   44.932675] cloud-init[935]: |           = oo  |] Reached target Paths.

[   45.245330] cloud-init[935]: |          o  ... |
[   45.247493] cloud-init[935]: |         .   +. .|
[[0;32m  OK  [0m] Listening on D-Bus System Message Bus Socket.
[[0;32m  OK  [0m] Started Daily apt download activities.[   45.248877] cloud-init[935]: |        S   ++oo.|
[   45.266867] cloud-init[935]: |         B oE==o.|
[   45.268358] cloud-init[935]: |        + #..o=o.|
[   45.269836] cloud-init[935]: |         =.O=+.oo|
[   45.271323] cloud-init[935]: 
[[0;32m  OK  [0m] Started Daily apt upgrade and clean activities.
[[0;32m  OK  [0m] Listening on UUID daemon activation socket.
[[0;32m  OK  [0m] Reached target Timers.
         Starting Socket activation for snappy daemon.
[[0;32m  OK  [0m] Reached target Network is Online.
|          +=**+ .|
         Starting iSCSI initiator daemon (iscsid)...
[   45.355502] cloud-init[935]: +----[SHA256]-----+
[[0;32m  OK  [0m] Reached target Cloud-config availability.
[   45.359378] cloud-init[935]: Generating public/private ed25519 key pair.
[[0;32m  OK  [0m] Listening on LXD - unix socket.[   45.372517] cloud-init[935]: Your identification has been saved in /etc/ssh/ssh_host_ed25519_key.
[   45.374164] cloud-init[935]: Your public key has been saved in /etc/ssh/ssh_host_ed25519_key.pub.
[   45.374419] cloud-init[935]: The key fingerprint is:
[   45.374707] cloud-init[935]: SHA256:H5bt6kZGo7n84STJEcK5OeEygYnBeJymxEV2MZVhkaw root@ubuntu-xenial
[   45.375287] cloud-init[935]: The key's randomart image is:
[   45.375631] cloud-init[935]: +--[ED25519 256]--+
[   45.375878] cloud-init[935]: |=.o= ++==        |

[[0;32m  OK  [0m] Listening on Socket activation for snappy daemon.[   45.380291] cloud-init[935]: |.**o..o=         |
[   45.452502] cloud-init[935]: |o+o . * .        |
[   45.452726] cloud-init[935]: |.    E = .oo     |
[   45.452939] cloud-init[935]: |    o = S++..    |
[   45.453216] cloud-init[935]: |     o oo=oo     |
[   45.453434] cloud-init[935]: |       .+++ .    |
[   45.453646] cloud-init[935]: |        o+.o     |
[   45.454707] cloud-init[935]: |         +=      |
[   45.454923] cloud-init[935]: +----[SHA256]-----+

[[0;32m  OK  [0m] Reached target Sockets.
[[0;32m  OK  [0m] Reached target Basic System.
[[0;32m  OK  [0m] Started FUSE filesystem for LXC.
         Starting Pollinate to seed the pseudo random number generator...
[[0;32m  OK  [0m] Started ACPI event daemon.
         Starting /etc/rc.local Compatibility...
[[0;32m  OK  [0m] Started Regular background program processing daemon.
         Starting Snappy daemon...
         Starting Accounts Service...
         Starting System Logging Service...
         Starting LSB: MD monitoring daemon...
[[0;32m  OK  [0m] Started D-Bus System Message Bus.
         Starting LSB: Record successful boot for GRUB...
         Starting Login Service...
[[0;32m  OK  [0m] Started Deferred execution scheduler.
         Starting Virtualbox guest utils...
         Starting LXD - container startup/shutdown...
[[0;32m  OK  [0m] Started System Logging Service.
[[0;32m  OK  [0m] Started iSCSI initiator daemon (iscsid).
[[0;32m  OK  [0m] Started /etc/rc.local Compatibility.
         Starting Authenticate and Authorize Users to Run Privileged Tasks...
         Starting Login to default iSCSI targets...
[[0;32m  OK  [0m] Started Login Service.
[[0;32m  OK  [0m] Started Unattended Upgrades Shutdown.
[[0;32m  OK  [0m] Started LSB: Record successful boot for GRUB.
[[0;32m  OK  [0m] Started LSB: MD monitoring daemon.
[[0;32m  OK  [0m] Started Login to default iSCSI targets.
[[0;32m  OK  [0m] Reached target Remote File Systems (Pre).
[[0;32m  OK  [0m] Reached target Remote File Systems.
         Starting Permit User Sessions...
         Starting LSB: automatic crash report generation...
         Starting LSB: daemon to balance interrupts for SMP systems...
         Starting LSB: Set the CPU Frequency Scaling governor to "ondemand"...
[[0;32m  OK  [0m] Started Permit User Sessions.
[[0;32m  OK  [0m] Started Authenticate and Authorize Users to Run Privileged Tasks.
[[0;32m  OK  [0m] Started Accounts Service.
         Starting Terminate Plymouth Boot Screen...
         Starting Hold until boot process finishes up...
[[0;32m  OK  [0m] Started Terminate Plymouth Boot Screen.
[[0;32m  OK  [0m] Started Hold until boot process finishes up.
[[0;32m  OK  [0m] Started Getty on tty1.
         Starting Set console scheme...
[[0;32m  OK  [0m] Started Serial Getty on ttyS0.
[[0;32m  OK  [0m] Reached target Login Prompts.
[[0;32m  OK  [0m] Started Virtualbox guest utils.
[[0;32m  OK  [0m] Started LXD - container startup/shutdown.
[[0;32m  OK  [0m] Started Set console scheme.
[[0;32m  OK  [0m] Started LSB: automatic crash report generation.
[[0;32m  OK  [0m] Started LSB: Set the CPU Frequency Scaling governor to "ondemand".
[[0;32m  OK  [0m] Started LSB: daemon to balance interrupts for SMP systems.
[[0;32m  OK  [0m] Started Snappy daemon.
         Starting Wait until snapd is fully seeded...
[[0;32m  OK  [0m] Started Pollinate to seed the pseudo random number generator.

Ubuntu 16.04.6 LTS ubuntu-xenial ttyS0

ubuntu-xenial login: [   61.585221] cloud-init[1303]: Generating locales (this might take a while)...
[   69.012120] cloud-init[1303]:   en_US.UTF-8... done
[   69.078866] cloud-init[1303]: Generation complete.
[   73.451205] cloud-init[1303]: Cloud-init v. 19.1-1-gbaa47854-0ubuntu1~16.04.1 running 'modules:config' at Fri, 23 Aug 2019 16:12:17 +0000. Up 60.43 seconds.
ci-info: no authorized ssh keys fingerprints found for user ubuntu.
<14>Aug 23 16:12:35 ec2: 
<14>Aug 23 16:12:35 ec2: #############################################################
<14>Aug 23 16:12:35 ec2: -----BEGIN SSH HOST KEY FINGERPRINTS-----
<14>Aug 23 16:12:35 ec2: 1024 SHA256:Ly7lMDSNpfSnq8Wduvma/rakEz9X+DduTVofeNUh6Hg root@ubuntu-xenial (DSA)
<14>Aug 23 16:12:35 ec2: 256 SHA256:VVoz1rbOLbirlNh4fvaCn9eXLMK9As8wfkwdS+knVyo root@ubuntu-xenial (ECDSA)
<14>Aug 23 16:12:35 ec2: 256 SHA256:H5bt6kZGo7n84STJEcK5OeEygYnBeJymxEV2MZVhkaw root@ubuntu-xenial (ED25519)
<14>Aug 23 16:12:35 ec2: 2048 SHA256:HQcFKT4kSM4TQziC7ykcota86AUixvHME7sYJ7UYKt4 root@ubuntu-xenial (RSA)
<14>Aug 23 16:12:35 ec2: -----END SSH HOST KEY FINGERPRINTS-----
<14>Aug 23 16:12:35 ec2: #############################################################
-----BEGIN SSH HOST KEY KEYS-----
ecdsa-sha2-nistp256 AAAAE2VjZHNhLXNoYTItbmlzdHAyNTYAAAAIbmlzdHAyNTYAAABBBKrs2xPtT1mP76S4vg8gDxRIei5lYFEpffFuMYBkXl8a19JUqY3+qLu5p8siRINephiZyFI2BAFpZ35HTr6OsrM= root@ubuntu-xenial
ssh-ed25519 AAAAC3NzaC1lZDI1NTE5AAAAIGBwZMWnhLkkafMKm4JKeCp6rU7dqdpKjTdu3h4ZzCM0 root@ubuntu-xenial
ssh-rsa AAAAB3NzaC1yc2EAAAADAQABAAABAQC6BOcZWcJd+EvxDmy1VcJaznMdt6cGES2txlm5DrBvvRTxD0FJmzgo9SL+DsznbQbXw+OULAD1EBb8sq357VxgVNmqOD3IQIy0IM1GIw4pVLzqCa8X0n/1zqxpjnaK+o9IsNvsxgkVlviA72GbsLxCdQVI/DurXgs5e+FtBvUXmfw60AXE/awPMqSvma3XWC3+EQkUWSFsNsUak4kIT61FMjoEVJ/fQxAWPmwrF9aKW/DPynqIzJBK4xzXUKwRR9ujVq8kyWj5+L+BbPWpaSP8/6yZrbJxye1y6QN1BywlG3f35RCYCBQakdcGgymlg2Ms8wlpFYouYJSQ7y3Hf0en root@ubuntu-xenial
-----END SSH HOST KEY KEYS-----
[   78.811876] cloud-init[1490]: Cloud-init v. 19.1-1-gbaa47854-0ubuntu1~16.04.1 running 'modules:final' at Fri, 23 Aug 2019 16:12:34 +0000. Up 76.63 seconds.
[   78.813853] cloud-init[1490]: ci-info: no authorized ssh keys fingerprints found for user ubuntu.
[   78.814408] cloud-init[1490]: Cloud-init v. 19.1-1-gbaa47854-0ubuntu1~16.04.1 finished at Fri, 23 Aug 2019 16:12:36 +0000. Datasource DataSourceNoCloud [seed=/dev/sdb][dsmode=net].  Up 78.62 seconds
