[    0.000000  nnitializing cgroup subsys cpuset
[    0.000000] Initializing cgroup subsys cpu
[    0.000000] Initializing cgroup subsys cpuacct
[    0.000000] Linux version 4.4.0-161-generic (buildd@lcy01-amd64-018) (gcc version 5.4.0 20160609 (Ubuntu 5.4.0-6ubuntu1~16.04.10) ) #189-Ubuntu SMP Tue Aug 27 08:10:16 UTC 2019 (Ubuntu 4.4.0-161.189-generic 4.4.186)
[    0.000000] Command line: BOOT_IMAGE=/boot/vmlinuz-4.4.0-161-generic root=LABEL=cloudimg-rootfs ro cnnsole=tty1 console=ttyS0
[    0.000000] KERNEL supported cpus:
[    0.000000]   Intel GenuineIntel
[    0.000000]   AMD AuthenticAMD
[    0.000000]   Centaur CentaurHauls
[    0.000000] x86/fpu: xstate_offset[2]:  576, xstate_sizes[2]:  256
[    0.000000] x86/fpu: Supporting XSAVE feature 0x01: 'x87 floating point registers'
[    0.000000] x86/fpu: Supporting XSAVE feature 0x02: 'SSE registers'
[    0.000000] x86/fpu: Supporting XSAVE feature 0x04: 'AVX registers'
[    0.000000] x86/fpu: Enabled xstate features 0x7, context size is 832 bytes, using 'standard' format.
[    0.000000] e820: BIOS-provided physical RAM map:
[    0.000000] BIOS-e820: [mem 0x0000000000000000-0x000000000009fbff] usable
[    0.000000] BIOS-e820: [mem 0x000000000009fc00-0x000000000009ffff] reserved
[    0.000000] BIOS-e820: [mem 0x00000000000f0000-0x00000000000fffff] reserved
[    0.000000] BIOS-e820: [mem 0x0000000000100000-0x00000000181effff] usable
[    0.000000] BIOS-e820: [mem 0x00000000181f0000-0x00000000181fffff] ACPI data
[    0.000000] BIOS-e820: [mem 0x00000000fec00000-0x00000000fec00fff] reserved
[    0.000000] BIOS-e820: [mem 0x00000000fee00000-0x00000000fee00fff] reserved
[    0.000000] BIOS-e820: [mem 0x00000000fffc0000-0x00000000ffffffff] reserved
[    0.000000] NX (Execute Disable) protection: active
[    0.000000] SMBIOS 2.5 present.
[    0.000000] Hypervisor detected: KV
[    0.000000] e820: last_pfn = 0x181f0 max_arch_pfn = 0x400000000
[    0.000000] MTRR: Disabled
[    0.000000] x86/PAT: MTRRs disabled, skipping PAT initialization too.
[    0.000000] CPU MTRRs all blank - virtualized system.
[    0.000000] x86/PAT: Configuration [0-7]: WB  WT  UC- UC  WB  WT  UC- UC  
[    0.000000] found SMP MP-table at [mem 0x0009fff0-0x0009ffff] mapped at [ffff88000009fff0]
[    0.000000] Scanning 1 areas for low memory corruption
[    0.000000] RAMDISK: [mem 0x16b75000-0x179f0fff]
[    0.000000] ACPI: Early table checksum verification disabled
[    0.000000] ACPI: RSDP 0x00000000000E0000 000024 (v02 VBOX  )
[    0.000000] ACPI: XSDT 0x00000000181F0030 00003C (v01 VBOX   VBOXXSDT 00000001 ASL  00000061)
[    0.000000] ACPI: FACP 0x00000000181F00F0 0000F4 (v04 VBOX   VBOXFACP 00000001 ASL  00000061)
[    0.000000] ACPI: DSDT 0x00000000181F0470 0021FF (v02 VBOX   VBOXBIOS 00000002 INTL 20180105)
[    0.000000] ACPI: FACS 0x00000000181F0200 000040
[    0.000000] ACPI: FACS 0x00000000181F0200 000040
[    0.000000] ACPI: APIC 0x00000000181F0240 000054 (v02 VBOX   VBOXAPIC 00000001 ASL  00000061)
[    0.000000] ACPI: SSDT 0x00000000181F02A0 0001CC (v01 VBOX   VBOXCPUT 00000002 INTL 20180105)
[    0.000000] No NUMA configuration found
[    0.000000] Faking a node at [mem 0x0000000000000000-0x00000000181effff]
[    0.000000] NODE_DATA(0) allocated [mem 0x181eb000-0x181effff]
[    0.000000] kvm-clock: Using msrs 4b564d01 and 4b564d00
[    0.000000] kvm-clock: cpu 0, msr 0:181e3001, primary cpu clock
[    0.000000] kvm-clock: using sched offset of 4182118002 cycles
[    0.000000] clocksource: kvm-clock: mask: 0xffffffffffffffff max_cycles: 0x1cd42e4dffb, max_idle_ns: 881590591483 ns
[    0.000000] Section 2 and 3 (node 0) have a circular dependency on usemap and pgdat allocations
[    0.000000] Zone ranges:
[    0.000000]   DMA      [mem 0x0000000000001000-0x0000000000ffffff]
[    0.000000]   DMA32    [mem 0x0000000001000000-0x00000000181effff]
[    0.000000]   Normal   empty
[    0.000000]   Device   empty
[    0.000000] Movable zone start for each node
[    0.000000] Early memory node ranges
[    0.000000]   node   0: [mem 0x0000000000001000-0x000000000009efff]
[    0.000000]   node   0: [mem 0x0000000000100000-0x00000000181effff]
[    0.000000] Initmem setup node 0 [mmm 0x0000000000001000-0x00000000181effff]
[    0.000000] ACPI: PM-Timer IO Port: 0x4008
[    0.000000] IOAPIC[0]: apic_id 1, version 32, address 0xfec00000, GSI 0-23
[    0.000000] ACPI: INT_SRC_OVR (bus 0 bus_irq 0 global_irq 2 dfl dfl)
[    0.000000] ACPI: INT_SRC_OVR (bus 0 bus_irq 9 global_irq 9 low level)
[    0.000000] Using ACPI (MADT) for SMP configuration information
[    0.000000] smpboot: Allowing 1 CPUs, 0 hotplug CPUs
[    0.000000] PM: Registered nosave memory: [mem 0x00000000-0x00000fff]
[    0.000000] PM: Registered nosave memory: [mem 0x0009f000-0x0009ffff]
[    0.000000] PM: Registered nosave memory: [mem 0x000a0000-0x000effff]
[    0.000000] PM: Registered nosave memory: [mem 0x000f0000-0x000fffff]
[    0.000000] e820: [mem 0x18200000-0xfebfffff] available for PCI devices
[    0.000000] Booting paravirtualized kernel on KVM
[    0.000000] clocksource: refined-jiffies: mask: 0xffffffff max_cycles: 0xffffffff, max_idle_ns: 7645519600211568 ns
[    0.000000] setup_percpu: NR_CPUS:512 nr_cpumask_bits:512 nr_cpu_ids:1 nr_node_ids:1
[    0.000000] PERCPU: Embedded 34 pages/cpu @ffff880017e00000 s99544 r8192 d31528 u2097152
[    0.000000] Built 1 zonelists in Node order, mobility grouping on.  Total pages: 97136
[    0.000000] Policy zone: DMA32
[    0.000000] Kernel command line: BOOT_IMAGE=/boot/vmlinuz-4.4.0-161-generic root=LABEL=cloudimg-rootfs ro console=tty1 console=ttyS0
[    0.000000] PID hash table entries: 2048 (order: 2, 16384 bytes)
[    0.000000] Memory: 352756K/394808K available (8622K kernel code, 1335K rwdata, 4032K rodata, 1488K init, 1284K bss, 42052K reserved, 0K cma-reserved)
[    0.000000] SLUB: HWalign=64, Order=0-3, MinObjects=0, CPUs=1, Nodes=1
[    0.000000] Kernel/User page tables isolation: enabled
[    0.000000] Hierarchical RCU implementation.
[    0.000000] 	Build-time adjustment of leaf fanout to 64.
[    0.000000] 	RCU restricting CPUs from NR_CPUS=512 to nr_cpu_ids=1.
[    0.000000] RCU: Adjusting geometry for rcu_fanout_leaf=64, nr_cpu_ids=1
[    0.000000] NR_IRQS:33024 nr_irqs:256 16
[    0.000000] Console: colour VGA+ 80x25
[    0.000000] console [tty1] enabled
[    0.000000] console [ttyS0] enabled
[    0.000000] tsc: Detected 2399.998 MHz processor
[    0.323362] Calibrating delay loop (skipped) preset value.. 4799.99 BogoMIPS (lpj=9599992)
[    0.343092] pid_max: default: 32768 minimum: 301
[    0.344304] ACPI: Core revision 20150930
[    0.346425] ACPI: 2 CCPI AML tables successfully acquired and loaded
[   00.402080] Security Framework initialized
[    0.440281] Yama: becoming mindful.
[    0.441257] AppArmor: AppArmor initialized
[    0.442390] Dentry cache hash table entries: 65536 (order: 7, 524288 bytes)
[    0.444607] Inode-cache hash table entries: 32768 (order: 6, 262144 bytes)
[    0.446277] Mount-cache hash table entries: 1024 (order: 1, 8192 bytes)
[    0.462132] Mountpoint-cache hash table entries: 1024 (order: 1, 8192 bytes)
[   00.475596  Initaaiiiigg cgroup subsys io
[    0.631789] Initializing cgroup subsys memory
[    0.632920] Initializing cgroup subsys devices
[    0.634058] Initializing cgroup subsys freezer
[    0.635195] Initializing cgroup subsys net_cls
[    0.636380] Initializing cgroup subsys perf_event
[    0.637554] Initializing cgroup subsys net_prio
[    0.638698] Initializing cgropp subsys hugetlb
[    0.661681] Initializing cgroup subsys pids
[   007733220] mce: CPU supports 0 MCE banks
[    0.79186]]pprocess  ssnn  mwait in idle threads
[    0.941743] Last level iTLB entries: 4BB66,, 2MB 8, 4MB 8
[    1.031670] Last level dTLB entries: 4KB 64, 2MB 0, 4MB 0, 1GB 4
[   11.033133] Spectre V1 : Mitigation: usercopy/swapgs barriers and __user pointer sanitization
[   11.072726] Spectre V2 : Mitigation: Full generic retpoline
[   11.155898] Spectre V2 : Spectre v2 / SpectreRSB mitigation: Filling RSB on context switch
[    1.182659] Speculative Store Bypass: Vulnerable
[    1.183884] MDS: Mitigation: Clear CPU buffers
[    1.213503] Freeing SMP alternatives memory: 36K
[    1.220758] ftrace: allocating 32318 entries in 127 pages
[    1.285567] smpboot: APIC(0) Converting physical 0 to logical package 0
[    1.287180] smpboot: Max logical packages: 1
[    1.288630] x2apic enabled
[    1.289692] Switched APIC routing to physical x2apic.
[    1.292199] ..TIMER: vector=0x30 apic1=0 pin1=2 apic2=-1 pin2=-1
[    1.399577] smpboot: CPU0: Intel(R) Core(TM) i3-7100U CPU @ 2.40GHz (family: 0x6, model: 0x8e, stepping: 0x9)
[    1.402242] Performance Events: unsupported p6 CPU model 142 no PMU driver, software events only.
[    1.416382] KVM setup paravirtual spinlock
[    1.418238] x86: Booted up 1 node, 1 CPUs
[    1.419321] smpboot: Total of 1 processors activated (4799.99 BogoMIPS)
[    1.421181] devtmpfs: initialized
[    1.424304] evm: security.selinux
[    1.425227] evm: security.SMACK64
[    1.448434] evm: security.SMACK64EXEC
[    1.449425] evm: security.SMACK64TRANSMUTE
[    1.451746] evm: security.SMACK64MMAP
[    1.452740] evm: security.ima
[    1.453600] evm: security.capability
[    1.454790] clocksource: jiffies: mask: 0xffffffff max_cycles: 0xffffffff, max_idle_ns: 7645041785100000 ns
[    1.481575] futex hash table entries: 256 (order: 2, 16384 bytes)
[    1.483108] pinctrl core: initialized pinctrl subsystem
[    1.484537] RTC time:  1:08:52, date: 09/17/19
[    1.485806] NET: Registered protocol family 16
[    1.487078] cpuidle: using governor ladder
[    1.491832] cpuidle: using governor menu
[    1.492847] PCCT header not found.
[    1.493825] ACPI: bus type PCI registered
[    1.494857] acpiphp: ACPI Hot Plug PCI Controller Driver version: 0.5
[    1.496489] PCI: Using configuration type 1 for base access
[    1.499678] ACPI: Added _OSI(Module Device)
[    1.500783] ACPI: Added _OSI(Processor Device)
[    1.501892] ACPI: Added _OSI(3.0 _SCP Extensions)
[    1.503051] ACPI: Added _OSI(Processor Aggregator Device)
[    1.505013] ACPI: Executed 1 blocks of module-level executable AML code
[    1.508823] ACPI: Interpreter enabled
[    1.509827] ACPI: (supports S0 S5)
[    1.510748] ACPI: Using IOAPIC for interrupt routing
[    1.512168] PCI: Using host bridge windows from ACPI; if necessary, use "pci=nocrs" and report a bug
[    1.517984] ACPI: PCI Root Bridge [PCI0] (domain 0000 [bus 00-ff])
[    1.519446] acpi PNP0A03:00: _OSC: OS supports [ASPM ClockPM Segments MSI]
[    1.521029] acpi PNP0A03:00: _OSC: not requesting OS control; OS requires [ExtendedConfig ASPM ClockPM MSI]
[    1.523354] acpi PNP0A03:00: fail to add MMCONFIG information, can't access extended PCI configuration space under this bridge.
[    1.526308] PCI host bridge to bus 0000:00
[    1.527368] pci_bus 0000:00: root bus resource [io  0x0000-0x0cf7 window]
[    1.528941] pci_bus 0000:00: root bus resource [io  0x0d00-0xffff window]
[    1.530483] pci_bus 0000:00: root bus resource [mem 0x000a0000-0x000bffff window]
[    1.532400] pci_bus 0000:00: root bus resource [mem 0x18200000-0xfdffffff window]
[    1.538248] pci_bus 0000:00: root bus resource [bus 00-ff]
[    1.541389] pci 0000:00:01.1: legacy IDE quirk: reg 0x10: [io  0x01f0-0x01f7]
[    1.543006] pci 0000:00:01.1: legacy IDE quirk: reg 0x14: [io  0x03f6]
[    1.544531] pci 0000:00:01.1: legacy IDE quirk: reg 0x18: [io  0x0170-0x0177]
[    1.556684] pci 0000:00:01.1: legacy IDE quirk: reg 0x1c: [io  0x0376]
[    1.568592] pci 0000:00:07.0: quirk: [io  0x4000-0x403f] claimed by PIIX4 ACPI
[    1.570531] pci 0000:00:07.0: quirk: [io  0x4100-0x410f] claimed by PIIX4 SMB
[    1.577934] ACPI: PCI Interrupt Link [LNKA] (IRQs 5 9 10 *11)
[    1.581747] ACPI: PCI Interrupt Link [LNKB] (IRQs 5 9 *10 11)
[    1.583661] ACPI: PCI Interrupt Link [LNKC] (IRQs 5 *9 10 11)
[    1.585551] ACPI: PCI Interrupt Link [LNKD] (IRQs 5 9 10 *11)
[    1.587507] ACPI: Enabled 2 GPEs in block 00 to 07
[    1.589063] vgaarb: setting as boot device: PCI:0000:00:02.0
[    1.590400] vgaarb: device added: PCI:0000:00:02.0,decodes=io+mem,owns=io+mem,locks=none
[    1.592461] vgaarb: loaded
[    1.593250] vgaarb: bridge control possible 0000:00:02.0
[    1.594806] SCSI subsystem initialized
[    1.595908] ACPI: bus type USB registered
[    1.596968] usbcore: registered new interface driver usbfs
[    1.598277] usbcore: registered new interface driver hub
[    1.599639] usbcore: registered new device driver usb
[    1.601019] PCI: Using ACPI for IRQ routing
[    1.602402] NetLabel: Initializing
[    1.603348] NetLabel:  domain hash size = 128
[    1.604444] NetLabel:  protocols = UNLABELED CIPSOv4
[    1.605665] NetLabel:  unlabeled traffic allowed by default
[    1.607069] amd_nb: Cannot enumerate AMD northbridges
[    1.608364] clocksource: Switched to clocksource kvm-clock
[    1.615841] AppArmor: AppArmor Filesystem Enabled
[    1.617148] pnp: PnP ACPI init
[    1.618807] pnp: PnP ACPI: found 3 devices
[    1.625693] clocksource: acpi_pm: mask: 0xffffff max_cycles: 0xffffff, max_idle_ns: 2085701024 ns
[    1.627999] NET: Registered protocol family 2
[    1.629300] TCP established hash table entries: 4096 (order: 3, 32768 bytes)
[    1.630932] TCP bind hash table entries: 4096 (order: 4, 65536 bytes)
[    1.632483] TCP: Hash tables configured (established 4096 bind 4096)
[    1.634025] UDP hash table entries: 256 (order: 1, 8192 bytes)
[    1.635435] UDP-Lite hash table entries: 256 (order: 1, 8192 bytes)
[    1.636957] NET: Registered protocol family 1
[    1.638070] pci 0000:00:00.0: Limiting direct PCI/PCI transfers
[    1.639494] pci 0000:00:01.0: Activating ISA DMA hang workarounds
[    1.662294] Unpacking initramfs...
[    1.978879] Freeing initrd memory: 14832K
[    1.980219] clocksource: tsc: mask: 0xffffffffffffffff max_cycles: 0x229835b7123, max_idle_ns: 440795242976 ns
[    1.982710] platform rtc_cmos: registered platform RTC device (no PNP device found)
[    1.984696] Scanning for low memory corruption every 60 seconds
[    2.001686] audit: initializing netlink subsys (disabled)
[    2.013216] audit: type=2000 audit(1568682537.907:1): initialized
[    2.015698] Initialise system trusted keyring
[    2.016760] HugeTLB registered 2 MB page size, pre-allocated 0 pages
[    2.019343] zbud: loaded
[    2.020373] VFS: Disk quotas dquot_6.6.0
[    2.021343] VFS: Dquot-cache hash table entries: 512 (order 0, 4096 bytes)
[    2.022959] squashfs: version 4.0 (2009/01/31) Phillip Lougher
[    2.024376] fuse init (API version 7.23)
[    2.025415] Key type big_key registered
[    2.026344] Allocating IMA MOK and blacklist keyrings.
[    2.027668] Key type asymmetric registered
[    2.028589] Asymmetric key parser 'x509' registered
[    2.029693] Block layer SCSI generic (bsg) driver version 0.4 loaded (major 249)
[    2.031379] io scheduler noop registered
[    2.032269] io scheduler deadline registered (default)
[    2.033438] io scheduler cfq registered
[    2.034451] pci_hotplug: PCI Hot Plug PCI Core version: 0.5
[    2.035607] pciehp: PCI Express Hot Plug Controller Driver version: 0.4
[    2.037076] ACPI: AC Adapter [AC] (off-line)
[    2.038073] input: Power Button as /devices/LNXSYSTM:00/LNXPWRBN:00/input/input0
[    2.039724] ACPI: Power Button [PWRF]
[    2.040678] input: Sleep Button as /devices/LNXSYSTM:00/LNXSLPBN:00/input/input1
[    2.042312] ACPI: Sleep Button [SLPF]
[    2.043876] ACPI: Battery Slot [BAT0] (battery present)
[    2.045002] GHES: HEST is not enabled!
[    2.045965] Serial: 8250/16550 driver, 32 ports, IRQ sharing enabled
[    2.069716] 00:02: ttyS0 at I/O 0x3f8 (irq = 4, base_baud = 115200) is a 16550A
[    2.113736] Linux agpgart interface v0.103
[    2.115725] loop: module loaded
[    2.117063] scsi host0: ata_piix
[    2.117915] scsi host1: ata_piix
[    2.118728] ata1: PATA max UDMA/33 cmd 0x1f0 ctl 0x3f6 bmdma 0xd000 irq 14
[    2.120082] ata2: PATA max UDMA/33 cmd 0x170 ctl 0x376 bmdma 0xd008 irq 15
[    2.121986] libphy: Fixed MDIO Bus: probed
[    2.122944] tun: Universal TUN/TAP device driver, 1.6
[    2.124041] tun: (C) 1999-2004 Max Krasnyansky <maxk@qualcomm.com>
[    2.125355] PPP generic driver version 2.4.2
[    2.126354] ehci_hcd: USB 2.0 'Enhanced' Host Controller (EHCI) Driver
[    2.127680] ehci-pci: EHCI PCI platform driver
[    2.128659] ehci-platform: EHCI generic platform driver
[    2.129785] ohci_hcd: USB 1.1 'Open' Host Controller (OHCI) Driver
[    2.131048] ohci-pci: OHCI PCI platform driver
[    2.136097] ohci-platform: OHCI generic platform driver
[    2.137213] uhci_hcd: USB Universal Host Controller Interface driver
[    2.138532] i8042: PNP: PS/2 Controller [PNP0303:PS2K,PNP0f03:PS2M] at 0x60,0x64 irq 1,12
[    2.140824] serio: i8042 KBD port at 0x60,0x64 irq 1
[    2.191857] serio: i8042 AUX port at 0x60,0x64 irq 12
[    2.193070] mousedev: PS/2 mouse device common for all mice
[    2.194476] input: AT Translated Set 2 keyboard as /devices/platform/i8042/serio0/input/input2
[    2.199139] rtc_cmos rtc_cmos: rtc core: registered rtc_cmos as rtc0
[    2.200547] rtc_cmos rtc_cmos: alarms up to one day, 114 bytes nvram
[    2.201819] i2c /dev entries driver
[    2.202691] device-mapper: uevent: version 1.0.3
[    2.203878] device-mapper: ioctl: 4.34.0-ioctl (2015-10-28) initialised: dm-devel@redhat.com
[    2.205731] ledtrig-cpu: registered to indicate activity on CPUs
[    2.207230] NET: Registered protocol family 10
[    2.208371] NET: Registered protocol family 17
[    2.209375] Key type dns_resolver registered
[    2.210542] registered taskstats version 1
[    2.211515] Loading compiled-in X.509 certificates
[    2.213294] Loaded X.509 cert 'Build time autogenerated kernel key: bdcb03bd89688fd1ecb3c1b37e77d69239145881'
[    2.215350] zswap: loaded using pool lzo/zbud
[    2.219238] Key type trusted registered
[    2.222932] Key type encrypted registered
[    2.223896] AppArmor: AppArmor sha1 policy hashing enabled
[    2.225079] ima: No TPM chip found, activating TPM-bypass!
[    2.226212] ima: Allocated hash algorithm: sha1
[    2.227221] evm: HMAC attrs: 0x1
[    2.228347]   Magic number: 3:463:104
[    2.229342] rtc_cmos rtc_cmos: setting system clock to 2019-09-17 01:08:53 UTC (1568682533)
[    2.231252] BIOS EDD facility v0.16 2004-Jun-25, 0 devices found
[    2.232459] EDD information not available.
[    2.277608] Freeing unused kernel memory: 1488K
[    2.311855] Write protecting the kernel read-only data: 14336k
[    2.313424] Freeing unused kernel memory: 1608K
[    2.314530] Freeing unused kernel memory: 64K
Loading, please wait...
starting version[    2.328573] random: udevadm: uninitialized urandom read (16 bytes read, 3 bits of entropy available)
 229
[    2.413315] random: systemd-udevd: uninitialized urandom read (16 bytes read, 3 bits of entropy available)
[    2.433049] random: systemd-udevd: uninitialized urandom read (16 bytes read, 3 bits of entropy available)
[    2.435061] random: systemd-udevd: uninitialized urandom read (16 bytes read, 3 bits of entropy available)
[    2.481783] random: systemd-udevd: uninitialized urandom read (16 bytes read, 3 bits of entropy available)
[    2.522812] random: udevadm: uninitialized urandom read (16 bytes read, 3 bits of entropy available)
[    2.534000] random: udevadm: uninitialized urandom read (16 bytes read, 3 bits of entropy available)
[    2.613558] random: systemd-udevd: uninitialized urandom read (16 bytes read, 3 bits of entropy available)
[    2.615592] random: systemd-udevd: uninitialized urandom read (16 bytes read, 3 bits of entropy available)
[    2.617685] random: systemd-udevd: uninitialized urandom read (16 bytes read, 3 bits of entropy available)
[    2.704458] e1000: Intel(R) PRO/1000 Network Driver - version 7.3.21-k8-NAPI
[    2.752095] e1000: Copyright (c) 1999-2006 Intel Corporation.
[    2.758030] Fusion MPT base driver 3.04.20
[    2.759014] Copyright (c) 1999-2008 LSI Corporation
[    2.783565] Fusion MPT SPI Host driver 3.04.20
[    2.800516] AVX2 version of gcm_enc/dec engaged.
[    2.801800] AES CTR mode by8 optimization enabled
[    2.810051] mptbase: ioc0: Initiating bringup
[    2.876796] ioc0: LSI53C1030 A0: Capabilities={Initiator}
[    2.986878] input: ImExPS/2 Generic Explorer Mouse as /devices/platform/i8042/serio1/input/input4
[    3.052081] scsi host2: ioc0: LSI53C1030 A0, FwRev=00000000h, Ports=1, MaxQ=256, IRQ=20
[    3.176727] scsi 2:0:0:0: Direct-Access     VBOX     HARDDISK         1.0  PQ: 0 ANSI: 5
[    3.184651] scsi target2:0:0: Beginning Domain Validation
[    3.190654] scsi target2:0:0: Domain Validation skipping write tests
[    3.194239] scsi target2:0:0: Ending Domain Validation
[    3.196999] scsi target2:0:0: asynchronous
[    3.200221] scsi 2:0:1:0: Direct-Access     VBOX     HARDDISK         1.0  PQ: 0 ANSI: 5
[    3.236648] scsi target2:0:1: Beginning Domain Validation
[    3.297699] scsi target2:0:1: Domain Validation skipping write tests
[    3.451870] scsi target2:0:1: Ending Domain Validation
[    3.608407] scsi target2:0:1: asynchronous
[    3.696430] sd 2:0:0:0: Attached scsi generic sg0 type 0
[    3.741765] sd 2:0:0:0: [sda] 20971520 512-byte logical blocks: (10.7 GB/10.0 GiB)
[    3.754327] sd 2:0:0:0: [sda] Write Protect is off
[    3.801943] sd 2:0:1:0: [sdb] 20480 512-byte logical blocks: (10.5 MB/10.0 MiB)
[    3.803733] sd 2:0:1:0: [sdb] Write Protect is off
[    3.804872] sd 2:0:1:0: Attached scsi generic sg1 type 0
[    3.821754] sd 2:0:1:0: [sdb] Incomplete mode parameter data
[    3.831824] sd 2:0:1:0: [sdb] Assuming drive cache: write through
[    3.874673] e1000 0000:00:03.0 eth0: (PCI:33MHz:32-bit) 02:32:7c:93:db:e1
[    3.892006] e1000 0000:00:03.0 eth0: Intel(R) PRO/1000 Network Connection
[    3.912231] sd 2:0:0:0: [sda] Incomplete mode parameter data
[    3.981719] sd 2:0:0:0: [sda] Assuming drive cache: write through
[    4.111540]  sda: sda1
[    4.245601] sd 2:0:1:0: [sdb] Attached SCSI disk
[    4.323082] sd 2:0:0:0: [sda] Attached SCSI disk
[    4.508831] e1000 0000:00:08.0 eth1: (PCI:33MHz:32-bit) 08:00:27:4b:ca:f7
[    4.522154] e1000 0000:00:08.0 eth1: Intel(R) PRO/1000 Network Connection
[    4.527784] e1000 0000:00:08.0 enp0s8: renamed from eth1
[    4.531001] e1000 0000:00:03.0 enp0s3: renamed from eth0
Begin: Loading e[    6.132579] md: linear personality registered for level -1
ssential drivers ... [    6.176017] md: multipath personality registered for level -4
[    6.188827] md: raid0 personality registered for level 0
[    6.195443] md: raid1 personality registered for level 1
[    6.270415] raid6: sse2x1   gen()  8256 MB/s
[    6.340386] raid6: sse2x1   xor()  6391 MB/s
[    6.408433] raid6: sse2x2   gen()  9520 MB/s
[    6.480377] raid6: sse2x2   xor()  7111 MB/s
[    6.549968] raid6: sse2x4   gen() 11811 MB/s
[    6.632662] raid6: sse2x4   xor()  7400 MB/s
[    6.706389] raid6: avx2x1   gen() 17173 MB/s
[    6.780347] raid6: avx2x2   gen() 19635 MB/s
[    6.860329] raid6: avx2x4   gen() 22659 MB/s
[    6.861337] raid6: using algorithm avx2x4 gen() 22659 MB/s
[    6.862474] raid6: using avx2x2 recovery algorithm
[    6.866122] xor: automatically using best checksumming function:
[    6.990356]    avx       : 44867.000 MB/sec
[    6.993869] async_tx: api initialized (async)
[    7.029143] md: raid6 personality registered for level 6
[    7.051529] md: raid5 personality registered for level 5
[    7.052681] md: raid4 personality registered for level 4
[    7.061380] md: raid10 personality registered for level 10
done.
Begin: Running /scripts/init-premount ... done.[    7.100053] Btrfs loaded

Begin: Mounting root file system ... Begin: Running /scripts/local-top ... done.
Begin: Running /scripts/local-premount ... Scanning for Btrfs filesystems
done.
Warning: fsck not present, so skipping root file system
[    7.878371] random: nonblocking pool is initialized
[    8.010101] EXT4-fs (sda1): mounted filesystem with ordered data mode. Opts: (null)
done.
Begin: Running /scripts/local-bottom ... done.
Begin: Running /scripts/init-bottom ... done.
[   14.213020] systemd[1]: systemd 229 running in system mode. (+PAM +AUDIT +SELINUX +IMA +APPARMOR +SMACK +SYSVINIT +UTMP +LIBCRYPTSETUP +GCRYPT +GNUTLS +ACL +XZ -LZ4 +SECCOMP +BLKID +ELFUTILS +KMOD -IDN)
[   14.228145] systemd[1]: Detected virtualization oracle.
[   14.232959] systemd[1]: Detected architecture x86-64.

Welcome to [1mUbuntu 16.04.6 LTS[0m!

[   14.590910] systemd[1]: Set hostname to <ubuntu>.
[   14.813661] systemd[1]: Initializing machine ID from random generator.
[   14.825913] systemd[1]: Installed transient /etc/machine-id file.
[   18.609724] systemd[1]: Listening on Journal Audit Socket.
[[0;32m  OK  [0m] Listening on Journal Audit Socket.
[   18.669067] systemd[1]: Reached target System Time Synchronized.
[[0;32m  OK  [0m] Reached target System Time Synchronized.
[   18.699911] systemd[1]: Reached target Encrypted Volumes.
[[0;32m  OK  [0m] Reached target Encrypted Volumes.
[   18.705029] systemd[1]: Listening on udev Control Socket.
[[0;32m  OK  [0m] Listening on udev Control Socket.
[   18.712144] systemd[1]: Listening on /dev/initctl Compatibility Named Pipe.
[[0;32m  OK  [0m] Listening on /dev/initctl Compatibility Named Pipe.
[   18.716064] systemd[1]: Created slice User and Session Slice.
[[0;32m  OK  [0m] Created slice User and Session Slice.
[   18.719135] systemd[1]: Listening on Journal Socket (/dev/log).
[[0;32m  OK  [0m] Listening on Journal Socket (/dev/log).
[   18.722224] systemd[1]: Reached target Swap.
[[0;32m  OK  [0m] Reached target Swap.
[   18.744785] systemd[1]: Started Trigger resolvconf update for networkd DNS.
[[0;32m  OK  [0m] Started Trigger resolvconf update for networkd DNS.
[   18.781471] systemd[1]: Set up automount Arbitrary Executable File Formats File System Automount Point.
[[0;32m  OK  [0m] Set up automount Arbitrary Executab...ats File System Automount Point.
[   18.785929] systemd[1]: Listening on LVM2 poll daemon socket.
[[0;32m  OK  [0m] Listening on LVM2 poll daemon socket.
[   18.788955] systemd[1]: Listening on Device-mapper event daemon FIFOs.
[[0;32m  OK  [0m] Listening on Device-mapper event daemon FIFOs.
[   18.798468] systemd[1]: Listening on udev Kernel Socket.
[[0;32m  OK  [0m] Listening on udev Kernel Socket.
[   18.801344] systemd[1]: Listening on Journal Socket.
[[0;32m  OK  [0m] Listening on Journal Socket.
[   18.804109] systemd[1]: Listening on Syslog Socket.
[[0;32m  OK  [0m] Listening on Syslog Socket.
[   18.807164] systemd[1]: Created slice System Slice.
[[0;32m  OK  [0m] Created slice System Slice.
[   18.831859] systemd[1]: Starting Nameserver information manager...
         Starting Nameserver information manager...
[   18.836804] systemd[1]: Starting Journal Service...
         Starting Journal Service...
[   18.840799] systemd[1]: Starting Remount Root and Kernel File Systems...
         Starting Remount Root and Kernel File Systems...
[   18.855325] systemd[1]: Starting Set console keymap...
         Starting Set console keymap...
[   18.892823] systemd[1]: Created slice system-serial\x2dgetty.slice.
[[0;32m  OK  [0m] Created slice system-serial\x2dgetty.slice.
[   18.910715] systemd[1]: Reached target User and Group Name Lookups.
[[0;32m  OK  [0[   18.975336] EXT4-fs (sda1): re-mounted. Opts: (null)
m] Reached target User and Group Name Lookups.
[   19.116634] systemd[1]: Started Forward Password Requests to Wall Directory Watch.
[[0;32m  OK  [0m] Started Forward Password Requests to Wall Directory Watch.
[   19.305506] systemd[1]: Starting Create list of required static device nodes for the current kernel...
         Starting Create list of required st... nodes for the current kernel...
[   19.369179] systemd[1]: Starting Load Kernel Modules...
         Starting Load Kernel Modules...
[   19.379127] systemd[1]: Listening on LVM2 metadata daemon socket.
[[0;32m  OK  [0m] Listening on LVM2 metadata daemon socket.
[   19.384110] systemd[1]: Mounting Huge Pages File System...
         Mounting Huge Pages File System...
[   19.404552] systemd[1]: Mounting Debug File System...
         Mounting Debug File System...
[   19.407207] systemd[1]: Reached target Slices.
[[0;32m  OK  [0m] Reached target Slices.
[   19.420319] systemd[1]: Mounting POSIX Message Queue File System...
         Mounting POSIX Message Queue File System...
[   19.426674] systemd[1]: Starting Uncomplicated firewall...
         Starting Uncomplicated firewall...
[   19.438206] systemd[1]: Starting Monitoring of LVM2 mirrors, snapshots etc. using dmeventd or progress polling...
         Starting Monitoring of LVM2 mirrors... dmeventd or progress polling...
[   19.455845] systemd[1]: Mounted Huge Pages File System.
[[0;32m  OK  [0m] Mounted Huge Pages File System.
[   19.458613] systemd[1]: Mounted POSIX Message Queue File System.
[[0;32m  OK  [0m] Mounted POSIX Message Queue File System.
[   19.475999] systemd[1]: Mounted Debug File System.
[[0;32m  OK  [0m] Mounted Debug File System.
[   19.482725] systemd[1]: Started Journal Service.
[[0;32m  OK  [0m] Started Journal Service.
[[0;32m  OK  [0m] Started Remount Root and Kernel File Systems.
[[0;32m  OK  [0m] Started Set console keymap.
[[0;32m  OK  [0m] Started Create list of required sta...ce nodes for the current kernel.
[[0;32m  OK  [0m] Started Uncomplicated firewall.
[   19.538050] Loading iSCSI transport class v2.0-870.
[[0;32m  OK  [0m] Started Nameserver information manager.
[   19.603751] iscsi: registered transport (tcp)
         Starting Create Static Device Nodes in /dev...
         Starting Load/Save Random Seed...
         Starting udev Coldplug all Devices...
         Starting Flush Journal to Persistent Storage...
[[0;32m  OK  [0m] Started udev Coldplug all Devices.
[[0;32m  OK  [0m] Started LVM2 metadata daemon.
[   19.816354] systemd-journald[375]: Received request to flush runtime journal from PID 1
[[0;32m  OK  [0[   19.847127] iscsi: registered transport (iser)
m] Started Load/Save Random Seed.
[[0;32m  OK  [0m] Started Load Kernel Modules.
         Mounting FUSE Control File System...
         Starting Apply Kernel Variables...
[[0;32m  OK  [0m] Mounted FUSE Control File System.
[[0;32m  OK  [0m] Started Flush Journal to Persistent Storage.
[[0;32m  OK  [0m] Started Apply Kernel Variables.
[[0;32m  OK  [0m] Started Create Static Device Nodes in /dev.
         Starting udev Kernel Device Manager...
[[0;32m  OK  [0m] Started Monitoring of LVM2 mirrors,...ng dmeventd or progress polling.
[[0;32m  OK  [0m] Reached target Local File Systems (Pre).
[[0;32m  OK  [0m] Reached target Local File Systems.
         Starting Create Volatile Files and Directories...
         Starting Set console font and keymap...
         Starting Commit a transient machine-id on disk...
         Starting Tell Plymouth To Write Out Runtime Data...
         Starting LSB: AppArmor initialization...
         Starting Initial cloud-init job (pre-networking)...
[[0;32m  OK  [0m] Started Commit a transient machine-id on disk.
[[0;32m  OK  [0m] Started Create Volatile Files and Directories.
         Starting Update UTMP about System Boot/Shutdown...
[[0;32m  OK  [0m] Started Tell Plymouth To Write Out Runtime Data.
[[0;32m  OK  [0m] Started Update UTMP about System Boot/Shutdown.
[[0;32m  OK  [0m] Started udev Kernel Device Manager.
[[0;32m  OK  [0m] Started Dispatch Password Requests to Console Directory Watch.
[[0;32m  OK  [0m] Found device /dev/ttyS0.
[[0;32m  OK  [0m] Started Set console font and keymap.
[[0;32m  OK  [0m] Created slice system-getty.slice.
[[0;32m  OK  [0m] Listening on Load/Save RF Kill Switch Status /dev/rfkill Watch.
[[0;32m  OK  [0m] Started LSB: AppArmor initialization.
[   29.766627] cloud-init[492]: Cloud-init v. 19.2-24-ge7881d5c-0ubuntu1~16.04.1 running 'init-local' at Tue, 17 Sep 2019 01:09:21 +0000. Up 29.22 seconds.
[[0;32m  OK  [0m] Started Initial cloud-init job (pre-networking).
[[0;32m  OK  [0m] Reached target Network (Pre).
         Starting Raise network interfaces...
[[0;32m  OK  [0m] Started Raise network interfaces.
[[0;32m  OK  [0m] Reached target Network.
         Starting Initial cloud-init job (metadata service crawler)...
[   32.457183] cloud-init[972]: Cloud-init v. 19.2-24-ge7881d5c-0ubuntu1~16.04.1 running 'init' at Tue, 17 Sep 2019 01:09:23 +0000. Up 30.84 seconds.
[[0;32m  OK  [0m] Started Initial cloud-init job (metadata service crawler).
[   32.514800] cloud-init[972]: ci-info: ++++++++++++++++++++++++++++++++++++++Net device info+++++++++++++++++++++++++++++++++++++++
[   32.518928] cloud-init[972]: ci-info: +--------+-------+----------------------------+---------------+--------+-------------------+[[0;32m  OK  [0m] Reached target Cloud-config availability.
[[0;32m  OK  [0m] Reached target Network is Online.
         Starting iSCSI initiator daemon (iscsid)...
[[0;32m  OK  [0m] Reached target System Initialization.
[[0;32m  OK  [0m] Started Daily Cleanup of Temporary Directories.
[[0;32m  OK  [0m] Started Daily apt download activities.
[[0;32m  OK  [0m] Started Daily apt upgrade and clean activities.
[[0;32m  OK  [0m] Reached target Timers.
[[0;32m  OK  [0m] Listening on UUID daemon activation socket.
[[0;32m  OK  [0m] Listening on ACPID Listen Socket.

         Starting Socket activation for snappy daemon.
[   32.551115] cloud-init[972]: ci-info: | Device |   Up  |          Address           |      Mask     | Scope  |     Hw-Address    |
[[0;32m  OK  [0m] Started ACPI Events Check.
[   32.563062] cloud-init[972]: ci-info: +--------+-------+----------------------------+---------------+--------+-------------------+
[[0;32m  OK  [0m] Reached target Paths.
[   32.567970] cloud-init[972]: ci-info: | enp0s3 |  True |         10.0.2.15          | 255.255.255.0 | global | 02:32:7c:93:db:e1 |
[   32.570857] cloud-init[972]: ci-info: | enp0s3 |  True | fe80::32:7cff:fe93:dbe1/64 |       .       |  link  | 02:32:7c:93:db:e1 |[[0;32m  OK  [0m] Listening on D-Bus System Message Bus Socket.

[   32.576473] cloud-init[972]: ci-info: | enp0s8 | False |             .              |       .       |   .    | 08:00:27:4b:ca:f7 |
[   32.579138] cloud-init[972]: ci-info: |   lo   |  True |         127.0.0.1          |   255.0.0.0   |  host  |         .         |
[   32.581802] cloud-init[972]: ci-info: |   lo   |  True |          ::1/128           |       .       |  host  |         .         |
[   32.584464] cloud-init         Starting LXD - unix socket.
[[0;32m  OK  [0m] Listening on Socket activation for snappy daemon.
[[0;32m  OK  [0m] Listening on LXD - unix socket.
[972]: ci-info: +--------+-------+----------------------------+---------------+--------+-------------------+
[   32.598038] cloud-init[972]: ci-info: +++++++++++++++++++++++++++Route IPv4 info++++++++++++++++++++++++++++[[0;32m  OK  [0m] Reached target Sockets.
[[0;32m  OK  [0m] Reached target Basic System.
         Starting System Logging Service...

[   32.613048] cloud-init[972]: ci-info: +-------+-------------+----------+---------------+-----------+-------+
         Starting Accounts Service...
[   32.626279] cloud-init[972]: ci-info: | Route | Destination | Gateway  |    Genmask    | Interface | Flags |         Starting Virtualbox guest utils...
[[0;32m  OK  [0m] Started Deferred execution scheduler.
[   32.632373] cloud-init[972]: ci-info: +-------+-------------+----------+---------------+-----------+-------+
[   32.634340] cloud-init[972]: ci-info: |   0   |   0.0.0.0   | 10.0.2.2 |    0.0.0.0    |   enp0s3  |   UG  |
[   32.635104] cloud-init[972]: ci-info: |   1   |   10.0.2.0  | 0.0.0.0  | 255.255.255.0 |   enp0s3  |   U   |
[   32.635182] cloud-init[972]: ci-info: +-------+-------------+----------+---------------+-----------+-------+
[   32.635242] cloud-init[972]: ci-info: +++++++++++++++++++Route IPv6 info+++++++++++++++++++
[   32.635284] cloud-init[972]: ci-info: +-------+-------------+---------+-----------+-------+
[   32.635332] cloud-init[972]: ci-info: | Route | Destination | Gateway | Interface | Flags |
[   32.635370] cloud-init[972]: ci-info: +-------+-------------+---------+-----------+-------+
[   32.635508] cloud-init[972]: ci-info: |   0   |  fe80::/64  |    ::   |   enp0s3  |   U   |
[   32.635567] cloud-init[972]: ci-info: |   3   |   ff00::/8  |    ::   |   enp0s3  |   U   |
[   32.635605] cloud-init[972]: ci-info: +-------+-------------+---------+-----------+-------+
[   32.635643] cloud-init[972]: Generating public/private rsa key pair.
[   32.635680] cloud-init[972]: Your identification has been saved in /etc/ssh/ssh_host_rsa_key.
[   32.635718] cloud-init[972]: Your public key has been saved in /etc/ssh/ssh_host_rsa_key.pub.
[   32.635756] cloud-init[972]: The key fingerprint is:
[   32.635797] cloud-init[972]: SHA256:ARRXRsltxNYTY9dKlAM4gas5qE5HJatG4wsdRYbKAmw root@ubuntu-xenial
[   32.635835] cloud-init[972]: The key's randomart image is:
[   32.635871] cloud-init[972]: +---[RSA 2048]----+
[   32.635907] cloud-init[972]: |.  .o.+..==Bo+=oo|
[   32.635945] cloud-init[972]: |.E.o   o..= =.*o.|
[   32.635982] cloud-init[972]: |+.  o . .. + . + |
[   32.636019] cloud-init[972]: |o. . +  ..    .  |
[   32.636056] cloud-init[972]: |. + o. oS        |
[   32.636092] cloud-init[972]: | + =. +          |
[   32.636129] cloud-init[972]: |. *..  .         |
[   32.636166] cloud-init[972]: | +.o             |

[   32.637590] cloud-init[972]: | .o              |
[   32.719361]          Starting Pollinate to seed the pseudo random number generator...
cloud-init[972]: +----[SHA256]-----+
         Starting Login Service...[   32.748277] cloud-init[972]: Generating public/private dsa key pair.
[   32.749248] cloud-init[972]: Your identification has been saved in /etc/ssh/ssh_host_dsa_key.
[   32.749293] cloud-init[972]: Your public key has been saved in /etc/ssh/ssh_host_dsa_key.pub.
[   32.749332] cloud-init[972]: The key fingerprint is:
[   32.749371] cloud-init[972]: SHA256:toU2fxDpT0lNXkmFYjNwfVbKgV69Fp3tqwSdHDq8+nw root@ubuntu-xenial
[   32.749409] cloud-init[972]: The key's randomart image is:
[   32.749450] cloud-init[972]: +---[DSA 1024]----+
[   32.749496] cloud-init[972]: |          ...o++@|
[   32.749536] cloud-init[972]: |           o**+B*|
[   32.749575] cloud-init[972]: |          +o==B+o|
[   32.749612] cloud-init[972]: |         o B.= o.|
[   32.749650] cloud-init[972]: |        S + * . .|
[   32.749687] cloud-init[972]: |       o = = . . |
[   32.749725] cloud-init[972]: |        . o + .  |
[   32.749766] cloud-init[972]: |         ... E   |
[   32.749818] cloud-init[972]: |          .o.    |
[   32.749866] cloud-init[972]: +----[SHA256]-----+
[   32.749905] cloud-init[972]: Generating public/private ecdsa key pair.
[   32.749942] cloud-init[972]: Your identification has been saved in /etc/ssh/ssh_host_ecdsa_key.
[   32.749980] cloud-init[972]: Your public key has been saved in /etc/ssh/ssh_host_ecdsa_key.pub.
[   32.750016] cloud-init[972]: The key fingerprint is:
[   32.750052] cloud-init[972]: SHA256:dHmmTGSzNEsByDmLwctDNC/CxK4hUn7wwNMlkplW6VQ root@ubuntu-xenial
[   32.750091] cloud-init[972]: The key's randomart image is:
[   32.750127] cloud-init[972]: +---[ECDSA 256]---+
[   32.750165] cloud-init[972]: | ooO==Eo..O.     |
[   32.750204] cloud-init[972]: | o%.B+=  = *     |
[   32.750242] cloud-init[972]: | =oX.+.o. * o    |
[   32.750280] cloud-init[972]: |+ o.O... + +     |
[   32.750316] cloud-init[972]: |oo . .  S o      |
[   32.750353] cloud-init[972]: |.                |
[   32.750391] cloud-init[972]: |                 |
[   32.750429] cloud-init[972]: |                 |
[   32.750467] cloud-init[972]: |                 |
[   32.750503] cloud-init[972]: +----[SHA256]-----+
[   32.750540] cloud-init[972]: Generating public/private ed25519 key pair.
[   32.750579] cloud-init[972]: Your identification has been saved in /etc/ssh/ssh_host_ed25519_key.
[   32.750617] cloud-init[972]: Your public key has been saved in /etc/ssh/ssh_host_ed25519_key.pub.
[   32.750657] cloud-init[972]: The key fingerprint is:
[   32.750696] cloud-init[972]: SHA256:ZE6aTY/5piTdti0kMGSyui87+HilE/x1r9r0bAb9XXs root@ubuntu-xenial
[   32.750732] cloud-init[972]: The key's randomart image is:
[   32.750770] cloud-init[972]: +--[ED25519 256]--+
[   32.750807] cloud-init[972]: |                 |
[   32.750843] cloud-init[972]: |    . o          |
[   32.751101] cloud-init[972]: |     =  =        |
[   32.751177] cloud-init[972]: |    . oX +       |
[   32.751217] cloud-init[972]: | . .  ooS..      |
[   32.751256] cloud-init[972]: |  + . ..+oo     .|
[   32.751296] cloud-init[972]: | . * ...+==. . ..|
[   32.751334] cloud-init[972]: |..B .  = *=o. ..E|
[   32.751370] cloud-init[972]: |.oo*. ..+++..   .|
[   32.751447] cloud-init[972]: +----[SHA256]-----+

         Starting LSB: MD monitoring daemon...
         Starting LXD - container startup/shutdown...
[[0;32m  OK  [0m] Started D-Bus System Message Bus.
         Starting /etc/rc.local Compatibility...
[[0;32m  OK  [0m] Started Regular background program processing daemon.
         Starting LSB: Record successful boot for GRUB...
[[0;32m  OK  [0m] Started ACPI event daemon.
[[0;32m  OK  [0m] Started FUSE filesystem for LXC.
         Starting Snappy daemon...
[[0;32m  OK  [0m] Started System Logging Service.
[[0;32m  OK  [0m] Started /etc/rc.local Compatibility.
[[0;32m  OK  [0m] Started Login Service.
[[0;32m  OK  [0m] Started Unattended Upgrades Shutdown.
         Starting Authenticate and Authorize Users to Run Privileged Tasks...
[[0;32m  OK  [0m] Started iSCSI initiator daemon (iscsid).
         Starting Login to default iSCSI targets...
[[0;32m  OK  [0m] Started LSB: MD monitoring daemon.
[[0;32m  OK  [0m] Started Authenticate and Authorize Users to Run Privileged Tasks.
[[0;32m  OK  [0m] Started Accounts Service.
[[0;32m  OK  [0m] Started Login to default iSCSI targets.
[[0;32m  OK  [0m] Reached target Remote File Systems (Pre).
[[0;32m  OK  [0m] Reached target Remote File Systems.
         Starting LSB: Set the CPU Frequency Scaling governor to "ondemand"...
         Starting LSB: automatic crash report generation...
         Starting LSB: daemon to balance interrupts for SMP systems...
         Starting Permit User Sessions...
[[0;32m  OK  [0m] Started LSB: Record successful boot for GRUB.
[[0;32m  OK  [0m] Started LSB: Set the CPU Frequency Scaling governor to "ondemand".
[[0;32m  OK  [0m] Started Permit User Sessions.
         Starting Hold until boot process finishes up...
         Starting Terminate Plymouth Boot Screen...
[[0;32m  OK  [0m] Started Hold until boot process finishes up.
[[0;32m  OK  [0m] Started Terminate Plymouth Boot Screen.
         Starting Set console scheme...
[[0;32m  OK  [0m] Started Getty on tty1.
[[0;32m  OK  [0m] Started Serial Getty on ttyS0.
[[0;32m  OK  [0m] Reached target Login Prompts.
[[0;32m  OK  [0m] Started LSB: automatic crash report generation.
[[0;32m  OK  [0m] Started LSB: daemon to balance interrupts for SMP systems.
[[0;32m  OK  [0m] Started Set console scheme.
[[0;32m  OK  [0m] Started Virtualbox guest utils.
[[0;32m  OK  [0m] Started LXD - container startup/shutdown.
[[0;32m  OK  [0m] Started Snappy daemon.
         Starting Wait until snapd is fully seeded...
[[0;32m  OK  [0m] Started Pollinate to seed the pseudo random number generator.
         Starting OpenBSD Secure Shell server...
[[0;32m  OK  [0m] Started OpenBSD Secure Shell server.

Ubuntu 16.04.6 LTS ubuntu-xenial ttyS0

ubuntu-xenial login: [   52.302714] cloud-init[1807]: Generating locales (this might take a while)...
[   55.580963] cloud-init[1807]:   en_US.UTF-8... done
[   55.877085] cloud-init[1807]: Generation complete.
[   58.426183] cloud-init[1807]: Cloud-init v. 19.2-24-ge7881d5c-0ubuntu1~16.04.1 running 'modules:config' at Tue, 17 Sep 2019 01:09:44 +0000. Up 52.09 seconds.
ci-info: no authorized ssh keys fingerprints found for user ubuntu.
<14>Sep 17 01:09:52 ec2: 
<14>Sep 17 01:09:52 ec2: #############################################################
<14>Sep 17 01:09:52 ec2: -----BEGIN SSH HOST KEY FINGERPRINTS-----
<14>Sep 17 01:09:52 ec2: 1024 SHA256:toU2fxDpT0lNXkmFYjNwfVbKgV69Fp3tqwSdHDq8+nw root@ubuntu-xenial (DSA)
<14>Sep 17 01:09:52 ec2: 256 SHA256:dHmmTGSzNEsByDmLwctDNC/CxK4hUn7wwNMlkplW6VQ root@ubuntu-xenial (ECDSA)
<14>Sep 17 01:09:52 ec2: 256 SHA256:ZE6aTY/5piTdti0kMGSyui87+HilE/x1r9r0bAb9XXs root@ubuntu-xenial (ED25519)
<14>Sep 17 01:09:52 ec2: 2048 SHA256:ARRXRsltxNYTY9dKlAM4gas5qE5HJatG4wsdRYbKAmw root@ubuntu-xenial (RSA)
<14>Sep 17 01:09:52 ec2: -----END SSH HOST KEY FINGERPRINTS-----
<14>Sep 17 01:09:52 ec2: #############################################################
-----BEGIN SSH HOST KEY KEYS-----
ecdsa-sha2-nistp256 AAAAE2VjZHNhLXNoYTItbmlzdHAyNTYAAAAIbmlzdHAyNTYAAABBBKWQ6WDF3JritXauiXnQgewqDJEU17HXWnjWgGQLN7ijQ7U65CtdBBFVAEvV2d2++EvVv31tjsT6r+jpverI3eM= root@ubuntu-xenial
ssh-ed25519 AAAAC3NzaC1lZDI1NTE5AAAAIPJzbQfxol1H/pSuWKjd90+/KQcfCp8YexhfJGXt7DdV root@ubuntu-xenial
ssh-rsa AAAAB3NzaC1yc2EAAAADAQABAAABAQDYMqQpMJPOWw+TDSRB9TuYp+LKavODCTuU+x1xvZca99Zu2oeC61fQjLD6EHr62H1C9mZyUrhsbiWzbW1VKImLNg2aOfQZuQxWGYgoA/pxKIun7DjpOcZsg8EgyTcbPZQXv5kvOiXqc72gBqTq7cuBxw2qPgzVpWrAeaG/H3tgYjLDz48g5E/s4lrGtnAiUEZRirIVvn+XPGEzVuhlOx9T42b9YH0iAhFIMqUPx/yynEBYJpCTVe08uz1xkwqkYB1p1HMq1ZHNVuM/3oRaXTO6U8emV3jdCWUvj6AJZCG/qoUyRN9SGhbIOesCcN78Jmij5hLL6VIpYvfceBGTEYdB root@ubuntu-xenial
-----END SSH HOST KEY KEYS-----
[   59.676562] cloud-init[1988]: Cloud-init v. 19.2-24-ge7881d5c-0ubuntu1~16.04.1 running 'modules:final' at Tue, 17 Sep 2019 01:09:51 +0000. Up 59.33 seconds.
[   59.676767] cloud-init[1988]: ci-info: no authorized ssh keys fingerprints found for user ubuntu.
[   59.676891] cloud-init[1988]: Cloud-init v. 19.2-24-ge7881d5c-0ubuntu1~16.04.1 finished at Tue, 17 Sep 2019 01:09:52 +0000. Datasource DataSourceNoCloud [seed=/dev/sdb][dsmode=net].  Up 59.65 seconds
